Archive member included to satisfy reference by file (symbol)

c:/st/stm32cubeide_1.5.0/stm32cubeide/plugins/com.st.stm32cube.ide.mcu.externaltools.gnu-tools-for-stm32.7-2018-q2-update.win32_1.5.0.202011040924/tools/bin/../lib/gcc/arm-none-eabi/7.3.1/../../../../arm-none-eabi/lib/thumb/v7-m\libc_nano.a(lib_a-exit.o)
                              c:/st/stm32cubeide_1.5.0/stm32cubeide/plugins/com.st.stm32cube.ide.mcu.externaltools.gnu-tools-for-stm32.7-2018-q2-update.win32_1.5.0.202011040924/tools/bin/../lib/gcc/arm-none-eabi/7.3.1/../../../../arm-none-eabi/lib/thumb/v7-m/crt0.o (exit)
c:/st/stm32cubeide_1.5.0/stm32cubeide/plugins/com.st.stm32cube.ide.mcu.externaltools.gnu-tools-for-stm32.7-2018-q2-update.win32_1.5.0.202011040924/tools/bin/../lib/gcc/arm-none-eabi/7.3.1/../../../../arm-none-eabi/lib/thumb/v7-m\libc_nano.a(lib_a-impure.o)
                              c:/st/stm32cubeide_1.5.0/stm32cubeide/plugins/com.st.stm32cube.ide.mcu.externaltools.gnu-tools-for-stm32.7-2018-q2-update.win32_1.5.0.202011040924/tools/bin/../lib/gcc/arm-none-eabi/7.3.1/../../../../arm-none-eabi/lib/thumb/v7-m\libc_nano.a(lib_a-exit.o) (_global_impure_ptr)
c:/st/stm32cubeide_1.5.0/stm32cubeide/plugins/com.st.stm32cube.ide.mcu.externaltools.gnu-tools-for-stm32.7-2018-q2-update.win32_1.5.0.202011040924/tools/bin/../lib/gcc/arm-none-eabi/7.3.1/../../../../arm-none-eabi/lib/thumb/v7-m\libc_nano.a(lib_a-init.o)
                              c:/st/stm32cubeide_1.5.0/stm32cubeide/plugins/com.st.stm32cube.ide.mcu.externaltools.gnu-tools-for-stm32.7-2018-q2-update.win32_1.5.0.202011040924/tools/bin/../lib/gcc/arm-none-eabi/7.3.1/../../../../arm-none-eabi/lib/thumb/v7-m/crt0.o (__libc_init_array)
c:/st/stm32cubeide_1.5.0/stm32cubeide/plugins/com.st.stm32cube.ide.mcu.externaltools.gnu-tools-for-stm32.7-2018-q2-update.win32_1.5.0.202011040924/tools/bin/../lib/gcc/arm-none-eabi/7.3.1/../../../../arm-none-eabi/lib/thumb/v7-m\libc_nano.a(lib_a-memset.o)
                              c:/st/stm32cubeide_1.5.0/stm32cubeide/plugins/com.st.stm32cube.ide.mcu.externaltools.gnu-tools-for-stm32.7-2018-q2-update.win32_1.5.0.202011040924/tools/bin/../lib/gcc/arm-none-eabi/7.3.1/../../../../arm-none-eabi/lib/thumb/v7-m/crt0.o (memset)
c:/st/stm32cubeide_1.5.0/stm32cubeide/plugins/com.st.stm32cube.ide.mcu.externaltools.gnu-tools-for-stm32.7-2018-q2-update.win32_1.5.0.202011040924/tools/bin/../lib/gcc/arm-none-eabi/7.3.1/../../../../arm-none-eabi/lib/thumb/v7-m\libnosys.a(_exit.o)
                              c:/st/stm32cubeide_1.5.0/stm32cubeide/plugins/com.st.stm32cube.ide.mcu.externaltools.gnu-tools-for-stm32.7-2018-q2-update.win32_1.5.0.202011040924/tools/bin/../lib/gcc/arm-none-eabi/7.3.1/../../../../arm-none-eabi/lib/thumb/v7-m\libc_nano.a(lib_a-exit.o) (_exit)

Discarded input sections

 .text          0x0000000000000000        0x0 c:/st/stm32cubeide_1.5.0/stm32cubeide/plugins/com.st.stm32cube.ide.mcu.externaltools.gnu-tools-for-stm32.7-2018-q2-update.win32_1.5.0.202011040924/tools/bin/../lib/gcc/arm-none-eabi/7.3.1/thumb/v7-m/crti.o
 .data          0x0000000000000000        0x0 c:/st/stm32cubeide_1.5.0/stm32cubeide/plugins/com.st.stm32cube.ide.mcu.externaltools.gnu-tools-for-stm32.7-2018-q2-update.win32_1.5.0.202011040924/tools/bin/../lib/gcc/arm-none-eabi/7.3.1/thumb/v7-m/crti.o
 .bss           0x0000000000000000        0x0 c:/st/stm32cubeide_1.5.0/stm32cubeide/plugins/com.st.stm32cube.ide.mcu.externaltools.gnu-tools-for-stm32.7-2018-q2-update.win32_1.5.0.202011040924/tools/bin/../lib/gcc/arm-none-eabi/7.3.1/thumb/v7-m/crti.o
 .data          0x0000000000000000        0x4 c:/st/stm32cubeide_1.5.0/stm32cubeide/plugins/com.st.stm32cube.ide.mcu.externaltools.gnu-tools-for-stm32.7-2018-q2-update.win32_1.5.0.202011040924/tools/bin/../lib/gcc/arm-none-eabi/7.3.1/thumb/v7-m/crtbegin.o
 .text          0x0000000000000000       0x74 c:/st/stm32cubeide_1.5.0/stm32cubeide/plugins/com.st.stm32cube.ide.mcu.externaltools.gnu-tools-for-stm32.7-2018-q2-update.win32_1.5.0.202011040924/tools/bin/../lib/gcc/arm-none-eabi/7.3.1/../../../../arm-none-eabi/lib/thumb/v7-m/crt0.o
 .data          0x0000000000000000        0x0 c:/st/stm32cubeide_1.5.0/stm32cubeide/plugins/com.st.stm32cube.ide.mcu.externaltools.gnu-tools-for-stm32.7-2018-q2-update.win32_1.5.0.202011040924/tools/bin/../lib/gcc/arm-none-eabi/7.3.1/../../../../arm-none-eabi/lib/thumb/v7-m/crt0.o
 .bss           0x0000000000000000        0x0 c:/st/stm32cubeide_1.5.0/stm32cubeide/plugins/com.st.stm32cube.ide.mcu.externaltools.gnu-tools-for-stm32.7-2018-q2-update.win32_1.5.0.202011040924/tools/bin/../lib/gcc/arm-none-eabi/7.3.1/../../../../arm-none-eabi/lib/thumb/v7-m/crt0.o
 .ARM.extab     0x0000000000000000        0x0 c:/st/stm32cubeide_1.5.0/stm32cubeide/plugins/com.st.stm32cube.ide.mcu.externaltools.gnu-tools-for-stm32.7-2018-q2-update.win32_1.5.0.202011040924/tools/bin/../lib/gcc/arm-none-eabi/7.3.1/../../../../arm-none-eabi/lib/thumb/v7-m/crt0.o
 .ARM.exidx     0x0000000000000000        0x8 c:/st/stm32cubeide_1.5.0/stm32cubeide/plugins/com.st.stm32cube.ide.mcu.externaltools.gnu-tools-for-stm32.7-2018-q2-update.win32_1.5.0.202011040924/tools/bin/../lib/gcc/arm-none-eabi/7.3.1/../../../../arm-none-eabi/lib/thumb/v7-m/crt0.o
 .ARM.attributes
                0x0000000000000000       0x1b c:/st/stm32cubeide_1.5.0/stm32cubeide/plugins/com.st.stm32cube.ide.mcu.externaltools.gnu-tools-for-stm32.7-2018-q2-update.win32_1.5.0.202011040924/tools/bin/../lib/gcc/arm-none-eabi/7.3.1/../../../../arm-none-eabi/lib/thumb/v7-m/crt0.o
 .group         0x0000000000000000        0xc Core/Src/main.o
 .group         0x0000000000000000        0xc Core/Src/main.o
 .group         0x0000000000000000        0xc Core/Src/main.o
 .group         0x0000000000000000        0xc Core/Src/main.o
 .group         0x0000000000000000        0xc Core/Src/main.o
 .group         0x0000000000000000        0xc Core/Src/main.o
 .group         0x0000000000000000        0xc Core/Src/main.o
 .group         0x0000000000000000        0xc Core/Src/main.o
 .group         0x0000000000000000        0xc Core/Src/main.o
 .group         0x0000000000000000        0xc Core/Src/main.o
 .group         0x0000000000000000        0xc Core/Src/main.o
 .group         0x0000000000000000        0xc Core/Src/main.o
 .group         0x0000000000000000        0xc Core/Src/main.o
 .group         0x0000000000000000        0xc Core/Src/main.o
 .group         0x0000000000000000        0xc Core/Src/main.o
 .group         0x0000000000000000        0xc Core/Src/main.o
 .text          0x0000000000000000        0x0 Core/Src/main.o
 .data          0x0000000000000000        0x0 Core/Src/main.o
 .bss           0x0000000000000000        0x0 Core/Src/main.o
 .bss.button_status
                0x0000000000000000        0x1 Core/Src/main.o
 .group         0x0000000000000000        0xc Core/Src/system_stm32f1xx.o
 .group         0x0000000000000000        0xc Core/Src/system_stm32f1xx.o
 .group         0x0000000000000000        0xc Core/Src/system_stm32f1xx.o
 .group         0x0000000000000000        0xc Core/Src/system_stm32f1xx.o
 .group         0x0000000000000000        0xc Core/Src/system_stm32f1xx.o
 .group         0x0000000000000000        0xc Core/Src/system_stm32f1xx.o
 .group         0x0000000000000000        0xc Core/Src/system_stm32f1xx.o
 .group         0x0000000000000000        0xc Core/Src/system_stm32f1xx.o
 .group         0x0000000000000000        0xc Core/Src/system_stm32f1xx.o
 .group         0x0000000000000000        0xc Core/Src/system_stm32f1xx.o
 .group         0x0000000000000000        0xc Core/Src/system_stm32f1xx.o
 .group         0x0000000000000000        0xc Core/Src/system_stm32f1xx.o
 .group         0x0000000000000000        0xc Core/Src/system_stm32f1xx.o
 .group         0x0000000000000000        0xc Core/Src/system_stm32f1xx.o
 .group         0x0000000000000000        0xc Core/Src/system_stm32f1xx.o
 .text          0x0000000000000000        0x0 Core/Src/system_stm32f1xx.o
 .data          0x0000000000000000        0x0 Core/Src/system_stm32f1xx.o
 .bss           0x0000000000000000        0x0 Core/Src/system_stm32f1xx.o
 .data.SystemCoreClock
                0x0000000000000000        0x4 Core/Src/system_stm32f1xx.o
 .rodata.AHBPrescTable
                0x0000000000000000       0x10 Core/Src/system_stm32f1xx.o
 .rodata.APBPrescTable
                0x0000000000000000        0x8 Core/Src/system_stm32f1xx.o
 .text.SystemCoreClockUpdate
                0x0000000000000000       0xd8 Core/Src/system_stm32f1xx.o
 .debug_macro   0x0000000000000000      0xa54 Core/Src/system_stm32f1xx.o
 .debug_macro   0x0000000000000000       0x2e Core/Src/system_stm32f1xx.o
 .debug_macro   0x0000000000000000       0x22 Core/Src/system_stm32f1xx.o
 .debug_macro   0x0000000000000000       0x22 Core/Src/system_stm32f1xx.o
 .debug_macro   0x0000000000000000       0x8e Core/Src/system_stm32f1xx.o
 .debug_macro   0x0000000000000000       0x51 Core/Src/system_stm32f1xx.o
 .debug_macro   0x0000000000000000       0xef Core/Src/system_stm32f1xx.o
 .debug_macro   0x0000000000000000       0x6a Core/Src/system_stm32f1xx.o
 .debug_macro   0x0000000000000000      0x1df Core/Src/system_stm32f1xx.o
 .debug_macro   0x0000000000000000       0x1c Core/Src/system_stm32f1xx.o
 .debug_macro   0x0000000000000000       0x22 Core/Src/system_stm32f1xx.o
 .debug_macro   0x0000000000000000       0xc3 Core/Src/system_stm32f1xx.o
 .debug_macro   0x0000000000000000      0xd23 Core/Src/system_stm32f1xx.o
 .debug_macro   0x0000000000000000     0xe09e Core/Src/system_stm32f1xx.o
 .debug_macro   0x0000000000000000       0x6d Core/Src/system_stm32f1xx.o
 .group         0x0000000000000000        0xc Peripherals/Src/gpio.o
 .group         0x0000000000000000        0xc Peripherals/Src/gpio.o
 .group         0x0000000000000000        0xc Peripherals/Src/gpio.o
 .group         0x0000000000000000        0xc Peripherals/Src/gpio.o
 .group         0x0000000000000000        0xc Peripherals/Src/gpio.o
 .group         0x0000000000000000        0xc Peripherals/Src/gpio.o
 .group         0x0000000000000000        0xc Peripherals/Src/gpio.o
 .group         0x0000000000000000        0xc Peripherals/Src/gpio.o
 .group         0x0000000000000000        0xc Peripherals/Src/gpio.o
 .group         0x0000000000000000        0xc Peripherals/Src/gpio.o
 .group         0x0000000000000000        0xc Peripherals/Src/gpio.o
 .group         0x0000000000000000        0xc Peripherals/Src/gpio.o
 .group         0x0000000000000000        0xc Peripherals/Src/gpio.o
 .group         0x0000000000000000        0xc Peripherals/Src/gpio.o
 .group         0x0000000000000000        0xc Peripherals/Src/gpio.o
 .group         0x0000000000000000        0xc Peripherals/Src/gpio.o
 .text          0x0000000000000000        0x0 Peripherals/Src/gpio.o
 .data          0x0000000000000000        0x0 Peripherals/Src/gpio.o
 .bss           0x0000000000000000        0x0 Peripherals/Src/gpio.o
 .text.gpio_LED_toggle
                0x0000000000000000       0x30 Peripherals/Src/gpio.o
 .text.gpio_BUTTON_config
                0x0000000000000000       0xa8 Peripherals/Src/gpio.o
 .text.gpio_digitalRead
                0x0000000000000000       0x24 Peripherals/Src/gpio.o
 .text.gpio_digitalRead_PCB0
                0x0000000000000000       0x24 Peripherals/Src/gpio.o
 .debug_macro   0x0000000000000000      0xa54 Peripherals/Src/gpio.o
 .debug_macro   0x0000000000000000       0x2e Peripherals/Src/gpio.o
 .debug_macro   0x0000000000000000       0x22 Peripherals/Src/gpio.o
 .debug_macro   0x0000000000000000       0x22 Peripherals/Src/gpio.o
 .debug_macro   0x0000000000000000       0x8e Peripherals/Src/gpio.o
 .debug_macro   0x0000000000000000       0x51 Peripherals/Src/gpio.o
 .debug_macro   0x0000000000000000       0xef Peripherals/Src/gpio.o
 .debug_macro   0x0000000000000000       0x6a Peripherals/Src/gpio.o
 .debug_macro   0x0000000000000000      0x1df Peripherals/Src/gpio.o
 .debug_macro   0x0000000000000000       0x1c Peripherals/Src/gpio.o
 .debug_macro   0x0000000000000000       0x22 Peripherals/Src/gpio.o
 .debug_macro   0x0000000000000000       0xc3 Peripherals/Src/gpio.o
 .debug_macro   0x0000000000000000      0xd23 Peripherals/Src/gpio.o
 .debug_macro   0x0000000000000000     0xe09e Peripherals/Src/gpio.o
 .debug_macro   0x0000000000000000       0x6d Peripherals/Src/gpio.o
 .debug_macro   0x0000000000000000       0x22 Peripherals/Src/gpio.o
 .group         0x0000000000000000        0xc Peripherals/Src/rcc.o
 .group         0x0000000000000000        0xc Peripherals/Src/rcc.o
 .group         0x0000000000000000        0xc Peripherals/Src/rcc.o
 .group         0x0000000000000000        0xc Peripherals/Src/rcc.o
 .group         0x0000000000000000        0xc Peripherals/Src/rcc.o
 .group         0x0000000000000000        0xc Peripherals/Src/rcc.o
 .group         0x0000000000000000        0xc Peripherals/Src/rcc.o
 .group         0x0000000000000000        0xc Peripherals/Src/rcc.o
 .group         0x0000000000000000        0xc Peripherals/Src/rcc.o
 .group         0x0000000000000000        0xc Peripherals/Src/rcc.o
 .group         0x0000000000000000        0xc Peripherals/Src/rcc.o
 .group         0x0000000000000000        0xc Peripherals/Src/rcc.o
 .group         0x0000000000000000        0xc Peripherals/Src/rcc.o
 .group         0x0000000000000000        0xc Peripherals/Src/rcc.o
 .group         0x0000000000000000        0xc Peripherals/Src/rcc.o
 .group         0x0000000000000000        0xc Peripherals/Src/rcc.o
 .text          0x0000000000000000        0x0 Peripherals/Src/rcc.o
 .data          0x0000000000000000        0x0 Peripherals/Src/rcc.o
 .bss           0x0000000000000000        0x0 Peripherals/Src/rcc.o
 .debug_macro   0x0000000000000000      0xa54 Peripherals/Src/rcc.o
 .debug_macro   0x0000000000000000       0x2e Peripherals/Src/rcc.o
 .debug_macro   0x0000000000000000       0x22 Peripherals/Src/rcc.o
 .debug_macro   0x0000000000000000       0x22 Peripherals/Src/rcc.o
 .debug_macro   0x0000000000000000       0x8e Peripherals/Src/rcc.o
 .debug_macro   0x0000000000000000       0x51 Peripherals/Src/rcc.o
 .debug_macro   0x0000000000000000       0xef Peripherals/Src/rcc.o
 .debug_macro   0x0000000000000000       0x6a Peripherals/Src/rcc.o
 .debug_macro   0x0000000000000000      0x1df Peripherals/Src/rcc.o
 .debug_macro   0x0000000000000000       0x1c Peripherals/Src/rcc.o
 .debug_macro   0x0000000000000000       0x22 Peripherals/Src/rcc.o
 .debug_macro   0x0000000000000000       0xc3 Peripherals/Src/rcc.o
 .debug_macro   0x0000000000000000      0xd23 Peripherals/Src/rcc.o
 .debug_macro   0x0000000000000000     0xe09e Peripherals/Src/rcc.o
 .debug_macro   0x0000000000000000       0x6d Peripherals/Src/rcc.o
 .debug_macro   0x0000000000000000       0x22 Peripherals/Src/rcc.o
 .group         0x0000000000000000        0xc Peripherals/Src/uart.o
 .group         0x0000000000000000        0xc Peripherals/Src/uart.o
 .group         0x0000000000000000        0xc Peripherals/Src/uart.o
 .group         0x0000000000000000        0xc Peripherals/Src/uart.o
 .group         0x0000000000000000        0xc Peripherals/Src/uart.o
 .group         0x0000000000000000        0xc Peripherals/Src/uart.o
 .group         0x0000000000000000        0xc Peripherals/Src/uart.o
 .group         0x0000000000000000        0xc Peripherals/Src/uart.o
 .group         0x0000000000000000        0xc Peripherals/Src/uart.o
 .group         0x0000000000000000        0xc Peripherals/Src/uart.o
 .group         0x0000000000000000        0xc Peripherals/Src/uart.o
 .group         0x0000000000000000        0xc Peripherals/Src/uart.o
 .group         0x0000000000000000        0xc Peripherals/Src/uart.o
 .group         0x0000000000000000        0xc Peripherals/Src/uart.o
 .group         0x0000000000000000        0xc Peripherals/Src/uart.o
 .group         0x0000000000000000        0xc Peripherals/Src/uart.o
 .text          0x0000000000000000        0x0 Peripherals/Src/uart.o
 .data          0x0000000000000000        0x0 Peripherals/Src/uart.o
 .bss           0x0000000000000000        0x0 Peripherals/Src/uart.o
 .text.compute_uart_bd
                0x0000000000000000       0x24 Peripherals/Src/uart.o
 .text.uart_set_baudrate
                0x0000000000000000       0x24 Peripherals/Src/uart.o
 .text.uart2_write
                0x0000000000000000       0x2c Peripherals/Src/uart.o
 .text.uart2_write_string
                0x0000000000000000       0x2a Peripherals/Src/uart.o
 .text.uart2_write_integer
                0x0000000000000000       0x8c Peripherals/Src/uart.o
 .text.setup    0x0000000000000000       0x94 Peripherals/Src/uart.o
 .debug_info    0x0000000000000000      0x43c Peripherals/Src/uart.o
 .debug_abbrev  0x0000000000000000      0x173 Peripherals/Src/uart.o
 .debug_aranges
                0x0000000000000000       0x48 Peripherals/Src/uart.o
 .debug_ranges  0x0000000000000000       0x38 Peripherals/Src/uart.o
 .debug_macro   0x0000000000000000       0xe5 Peripherals/Src/uart.o
 .debug_macro   0x0000000000000000      0xa54 Peripherals/Src/uart.o
 .debug_macro   0x0000000000000000       0x2e Peripherals/Src/uart.o
 .debug_macro   0x0000000000000000       0x22 Peripherals/Src/uart.o
 .debug_macro   0x0000000000000000       0x22 Peripherals/Src/uart.o
 .debug_macro   0x0000000000000000       0x8e Peripherals/Src/uart.o
 .debug_macro   0x0000000000000000       0x51 Peripherals/Src/uart.o
 .debug_macro   0x0000000000000000       0xef Peripherals/Src/uart.o
 .debug_macro   0x0000000000000000       0x6a Peripherals/Src/uart.o
 .debug_macro   0x0000000000000000      0x1df Peripherals/Src/uart.o
 .debug_macro   0x0000000000000000       0x1c Peripherals/Src/uart.o
 .debug_macro   0x0000000000000000       0x22 Peripherals/Src/uart.o
 .debug_macro   0x0000000000000000       0xc3 Peripherals/Src/uart.o
 .debug_macro   0x0000000000000000      0xd23 Peripherals/Src/uart.o
 .debug_macro   0x0000000000000000     0xe09e Peripherals/Src/uart.o
 .debug_macro   0x0000000000000000       0x6d Peripherals/Src/uart.o
 .debug_macro   0x0000000000000000       0x22 Peripherals/Src/uart.o
 .debug_line    0x0000000000000000      0x54d Peripherals/Src/uart.o
 .debug_str     0x0000000000000000    0x54711 Peripherals/Src/uart.o
 .comment       0x0000000000000000       0x7c Peripherals/Src/uart.o
 .debug_frame   0x0000000000000000       0xe8 Peripherals/Src/uart.o
 .ARM.attributes
                0x0000000000000000       0x33 Peripherals/Src/uart.o
 .text          0x0000000000000000       0x14 Startup/startup_stm32f103xb.o
 .data          0x0000000000000000        0x0 Startup/startup_stm32f103xb.o
 .bss           0x0000000000000000        0x0 Startup/startup_stm32f103xb.o
 .text          0x0000000000000000        0x0 c:/st/stm32cubeide_1.5.0/stm32cubeide/plugins/com.st.stm32cube.ide.mcu.externaltools.gnu-tools-for-stm32.7-2018-q2-update.win32_1.5.0.202011040924/tools/bin/../lib/gcc/arm-none-eabi/7.3.1/../../../../arm-none-eabi/lib/thumb/v7-m\libc_nano.a(lib_a-exit.o)
 .data          0x0000000000000000        0x0 c:/st/stm32cubeide_1.5.0/stm32cubeide/plugins/com.st.stm32cube.ide.mcu.externaltools.gnu-tools-for-stm32.7-2018-q2-update.win32_1.5.0.202011040924/tools/bin/../lib/gcc/arm-none-eabi/7.3.1/../../../../arm-none-eabi/lib/thumb/v7-m\libc_nano.a(lib_a-exit.o)
 .bss           0x0000000000000000        0x0 c:/st/stm32cubeide_1.5.0/stm32cubeide/plugins/com.st.stm32cube.ide.mcu.externaltools.gnu-tools-for-stm32.7-2018-q2-update.win32_1.5.0.202011040924/tools/bin/../lib/gcc/arm-none-eabi/7.3.1/../../../../arm-none-eabi/lib/thumb/v7-m\libc_nano.a(lib_a-exit.o)
 .text.exit     0x0000000000000000       0x28 c:/st/stm32cubeide_1.5.0/stm32cubeide/plugins/com.st.stm32cube.ide.mcu.externaltools.gnu-tools-for-stm32.7-2018-q2-update.win32_1.5.0.202011040924/tools/bin/../lib/gcc/arm-none-eabi/7.3.1/../../../../arm-none-eabi/lib/thumb/v7-m\libc_nano.a(lib_a-exit.o)
 .debug_frame   0x0000000000000000       0x28 c:/st/stm32cubeide_1.5.0/stm32cubeide/plugins/com.st.stm32cube.ide.mcu.externaltools.gnu-tools-for-stm32.7-2018-q2-update.win32_1.5.0.202011040924/tools/bin/../lib/gcc/arm-none-eabi/7.3.1/../../../../arm-none-eabi/lib/thumb/v7-m\libc_nano.a(lib_a-exit.o)
 .ARM.attributes
                0x0000000000000000       0x2d c:/st/stm32cubeide_1.5.0/stm32cubeide/plugins/com.st.stm32cube.ide.mcu.externaltools.gnu-tools-for-stm32.7-2018-q2-update.win32_1.5.0.202011040924/tools/bin/../lib/gcc/arm-none-eabi/7.3.1/../../../../arm-none-eabi/lib/thumb/v7-m\libc_nano.a(lib_a-exit.o)
 .text          0x0000000000000000        0x0 c:/st/stm32cubeide_1.5.0/stm32cubeide/plugins/com.st.stm32cube.ide.mcu.externaltools.gnu-tools-for-stm32.7-2018-q2-update.win32_1.5.0.202011040924/tools/bin/../lib/gcc/arm-none-eabi/7.3.1/../../../../arm-none-eabi/lib/thumb/v7-m\libc_nano.a(lib_a-impure.o)
 .data          0x0000000000000000        0x0 c:/st/stm32cubeide_1.5.0/stm32cubeide/plugins/com.st.stm32cube.ide.mcu.externaltools.gnu-tools-for-stm32.7-2018-q2-update.win32_1.5.0.202011040924/tools/bin/../lib/gcc/arm-none-eabi/7.3.1/../../../../arm-none-eabi/lib/thumb/v7-m\libc_nano.a(lib_a-impure.o)
 .bss           0x0000000000000000        0x0 c:/st/stm32cubeide_1.5.0/stm32cubeide/plugins/com.st.stm32cube.ide.mcu.externaltools.gnu-tools-for-stm32.7-2018-q2-update.win32_1.5.0.202011040924/tools/bin/../lib/gcc/arm-none-eabi/7.3.1/../../../../arm-none-eabi/lib/thumb/v7-m\libc_nano.a(lib_a-impure.o)
 .data._impure_ptr
                0x0000000000000000        0x4 c:/st/stm32cubeide_1.5.0/stm32cubeide/plugins/com.st.stm32cube.ide.mcu.externaltools.gnu-tools-for-stm32.7-2018-q2-update.win32_1.5.0.202011040924/tools/bin/../lib/gcc/arm-none-eabi/7.3.1/../../../../arm-none-eabi/lib/thumb/v7-m\libc_nano.a(lib_a-impure.o)
 .data.impure_data
                0x0000000000000000       0x60 c:/st/stm32cubeide_1.5.0/stm32cubeide/plugins/com.st.stm32cube.ide.mcu.externaltools.gnu-tools-for-stm32.7-2018-q2-update.win32_1.5.0.202011040924/tools/bin/../lib/gcc/arm-none-eabi/7.3.1/../../../../arm-none-eabi/lib/thumb/v7-m\libc_nano.a(lib_a-impure.o)
 .rodata._global_impure_ptr
                0x0000000000000000        0x4 c:/st/stm32cubeide_1.5.0/stm32cubeide/plugins/com.st.stm32cube.ide.mcu.externaltools.gnu-tools-for-stm32.7-2018-q2-update.win32_1.5.0.202011040924/tools/bin/../lib/gcc/arm-none-eabi/7.3.1/../../../../arm-none-eabi/lib/thumb/v7-m\libc_nano.a(lib_a-impure.o)
 .ARM.attributes
                0x0000000000000000       0x2d c:/st/stm32cubeide_1.5.0/stm32cubeide/plugins/com.st.stm32cube.ide.mcu.externaltools.gnu-tools-for-stm32.7-2018-q2-update.win32_1.5.0.202011040924/tools/bin/../lib/gcc/arm-none-eabi/7.3.1/../../../../arm-none-eabi/lib/thumb/v7-m\libc_nano.a(lib_a-impure.o)
 .text          0x0000000000000000        0x0 c:/st/stm32cubeide_1.5.0/stm32cubeide/plugins/com.st.stm32cube.ide.mcu.externaltools.gnu-tools-for-stm32.7-2018-q2-update.win32_1.5.0.202011040924/tools/bin/../lib/gcc/arm-none-eabi/7.3.1/../../../../arm-none-eabi/lib/thumb/v7-m\libc_nano.a(lib_a-init.o)
 .data          0x0000000000000000        0x0 c:/st/stm32cubeide_1.5.0/stm32cubeide/plugins/com.st.stm32cube.ide.mcu.externaltools.gnu-tools-for-stm32.7-2018-q2-update.win32_1.5.0.202011040924/tools/bin/../lib/gcc/arm-none-eabi/7.3.1/../../../../arm-none-eabi/lib/thumb/v7-m\libc_nano.a(lib_a-init.o)
 .bss           0x0000000000000000        0x0 c:/st/stm32cubeide_1.5.0/stm32cubeide/plugins/com.st.stm32cube.ide.mcu.externaltools.gnu-tools-for-stm32.7-2018-q2-update.win32_1.5.0.202011040924/tools/bin/../lib/gcc/arm-none-eabi/7.3.1/../../../../arm-none-eabi/lib/thumb/v7-m\libc_nano.a(lib_a-init.o)
 .text          0x0000000000000000        0x0 c:/st/stm32cubeide_1.5.0/stm32cubeide/plugins/com.st.stm32cube.ide.mcu.externaltools.gnu-tools-for-stm32.7-2018-q2-update.win32_1.5.0.202011040924/tools/bin/../lib/gcc/arm-none-eabi/7.3.1/../../../../arm-none-eabi/lib/thumb/v7-m\libc_nano.a(lib_a-memset.o)
 .data          0x0000000000000000        0x0 c:/st/stm32cubeide_1.5.0/stm32cubeide/plugins/com.st.stm32cube.ide.mcu.externaltools.gnu-tools-for-stm32.7-2018-q2-update.win32_1.5.0.202011040924/tools/bin/../lib/gcc/arm-none-eabi/7.3.1/../../../../arm-none-eabi/lib/thumb/v7-m\libc_nano.a(lib_a-memset.o)
 .bss           0x0000000000000000        0x0 c:/st/stm32cubeide_1.5.0/stm32cubeide/plugins/com.st.stm32cube.ide.mcu.externaltools.gnu-tools-for-stm32.7-2018-q2-update.win32_1.5.0.202011040924/tools/bin/../lib/gcc/arm-none-eabi/7.3.1/../../../../arm-none-eabi/lib/thumb/v7-m\libc_nano.a(lib_a-memset.o)
 .text.memset   0x0000000000000000       0x10 c:/st/stm32cubeide_1.5.0/stm32cubeide/plugins/com.st.stm32cube.ide.mcu.externaltools.gnu-tools-for-stm32.7-2018-q2-update.win32_1.5.0.202011040924/tools/bin/../lib/gcc/arm-none-eabi/7.3.1/../../../../arm-none-eabi/lib/thumb/v7-m\libc_nano.a(lib_a-memset.o)
 .debug_frame   0x0000000000000000       0x20 c:/st/stm32cubeide_1.5.0/stm32cubeide/plugins/com.st.stm32cube.ide.mcu.externaltools.gnu-tools-for-stm32.7-2018-q2-update.win32_1.5.0.202011040924/tools/bin/../lib/gcc/arm-none-eabi/7.3.1/../../../../arm-none-eabi/lib/thumb/v7-m\libc_nano.a(lib_a-memset.o)
 .ARM.attributes
                0x0000000000000000       0x2d c:/st/stm32cubeide_1.5.0/stm32cubeide/plugins/com.st.stm32cube.ide.mcu.externaltools.gnu-tools-for-stm32.7-2018-q2-update.win32_1.5.0.202011040924/tools/bin/../lib/gcc/arm-none-eabi/7.3.1/../../../../arm-none-eabi/lib/thumb/v7-m\libc_nano.a(lib_a-memset.o)
 .text          0x0000000000000000        0x0 c:/st/stm32cubeide_1.5.0/stm32cubeide/plugins/com.st.stm32cube.ide.mcu.externaltools.gnu-tools-for-stm32.7-2018-q2-update.win32_1.5.0.202011040924/tools/bin/../lib/gcc/arm-none-eabi/7.3.1/../../../../arm-none-eabi/lib/thumb/v7-m\libnosys.a(_exit.o)
 .data          0x0000000000000000        0x0 c:/st/stm32cubeide_1.5.0/stm32cubeide/plugins/com.st.stm32cube.ide.mcu.externaltools.gnu-tools-for-stm32.7-2018-q2-update.win32_1.5.0.202011040924/tools/bin/../lib/gcc/arm-none-eabi/7.3.1/../../../../arm-none-eabi/lib/thumb/v7-m\libnosys.a(_exit.o)
 .bss           0x0000000000000000        0x0 c:/st/stm32cubeide_1.5.0/stm32cubeide/plugins/com.st.stm32cube.ide.mcu.externaltools.gnu-tools-for-stm32.7-2018-q2-update.win32_1.5.0.202011040924/tools/bin/../lib/gcc/arm-none-eabi/7.3.1/../../../../arm-none-eabi/lib/thumb/v7-m\libnosys.a(_exit.o)
 .text._exit    0x0000000000000000        0x2 c:/st/stm32cubeide_1.5.0/stm32cubeide/plugins/com.st.stm32cube.ide.mcu.externaltools.gnu-tools-for-stm32.7-2018-q2-update.win32_1.5.0.202011040924/tools/bin/../lib/gcc/arm-none-eabi/7.3.1/../../../../arm-none-eabi/lib/thumb/v7-m\libnosys.a(_exit.o)
 .debug_frame   0x0000000000000000       0x20 c:/st/stm32cubeide_1.5.0/stm32cubeide/plugins/com.st.stm32cube.ide.mcu.externaltools.gnu-tools-for-stm32.7-2018-q2-update.win32_1.5.0.202011040924/tools/bin/../lib/gcc/arm-none-eabi/7.3.1/../../../../arm-none-eabi/lib/thumb/v7-m\libnosys.a(_exit.o)
 .ARM.attributes
                0x0000000000000000       0x2d c:/st/stm32cubeide_1.5.0/stm32cubeide/plugins/com.st.stm32cube.ide.mcu.externaltools.gnu-tools-for-stm32.7-2018-q2-update.win32_1.5.0.202011040924/tools/bin/../lib/gcc/arm-none-eabi/7.3.1/../../../../arm-none-eabi/lib/thumb/v7-m\libnosys.a(_exit.o)
 .text          0x0000000000000000        0x0 c:/st/stm32cubeide_1.5.0/stm32cubeide/plugins/com.st.stm32cube.ide.mcu.externaltools.gnu-tools-for-stm32.7-2018-q2-update.win32_1.5.0.202011040924/tools/bin/../lib/gcc/arm-none-eabi/7.3.1/thumb/v7-m/crtend.o
 .data          0x0000000000000000        0x0 c:/st/stm32cubeide_1.5.0/stm32cubeide/plugins/com.st.stm32cube.ide.mcu.externaltools.gnu-tools-for-stm32.7-2018-q2-update.win32_1.5.0.202011040924/tools/bin/../lib/gcc/arm-none-eabi/7.3.1/thumb/v7-m/crtend.o
 .bss           0x0000000000000000        0x0 c:/st/stm32cubeide_1.5.0/stm32cubeide/plugins/com.st.stm32cube.ide.mcu.externaltools.gnu-tools-for-stm32.7-2018-q2-update.win32_1.5.0.202011040924/tools/bin/../lib/gcc/arm-none-eabi/7.3.1/thumb/v7-m/crtend.o
 .eh_frame      0x0000000000000000        0x4 c:/st/stm32cubeide_1.5.0/stm32cubeide/plugins/com.st.stm32cube.ide.mcu.externaltools.gnu-tools-for-stm32.7-2018-q2-update.win32_1.5.0.202011040924/tools/bin/../lib/gcc/arm-none-eabi/7.3.1/thumb/v7-m/crtend.o
 .ARM.attributes
                0x0000000000000000       0x2d c:/st/stm32cubeide_1.5.0/stm32cubeide/plugins/com.st.stm32cube.ide.mcu.externaltools.gnu-tools-for-stm32.7-2018-q2-update.win32_1.5.0.202011040924/tools/bin/../lib/gcc/arm-none-eabi/7.3.1/thumb/v7-m/crtend.o
 .text          0x0000000000000000        0x0 c:/st/stm32cubeide_1.5.0/stm32cubeide/plugins/com.st.stm32cube.ide.mcu.externaltools.gnu-tools-for-stm32.7-2018-q2-update.win32_1.5.0.202011040924/tools/bin/../lib/gcc/arm-none-eabi/7.3.1/thumb/v7-m/crtn.o
 .data          0x0000000000000000        0x0 c:/st/stm32cubeide_1.5.0/stm32cubeide/plugins/com.st.stm32cube.ide.mcu.externaltools.gnu-tools-for-stm32.7-2018-q2-update.win32_1.5.0.202011040924/tools/bin/../lib/gcc/arm-none-eabi/7.3.1/thumb/v7-m/crtn.o
 .bss           0x0000000000000000        0x0 c:/st/stm32cubeide_1.5.0/stm32cubeide/plugins/com.st.stm32cube.ide.mcu.externaltools.gnu-tools-for-stm32.7-2018-q2-update.win32_1.5.0.202011040924/tools/bin/../lib/gcc/arm-none-eabi/7.3.1/thumb/v7-m/crtn.o

Memory Configuration

Name             Origin             Length             Attributes
RAM              0x0000000020000000 0x0000000000005000 xrw
FLASH            0x0000000008000000 0x0000000000010000 xr
*default*        0x0000000000000000 0xffffffffffffffff

Linker script and memory map

LOAD c:/st/stm32cubeide_1.5.0/stm32cubeide/plugins/com.st.stm32cube.ide.mcu.externaltools.gnu-tools-for-stm32.7-2018-q2-update.win32_1.5.0.202011040924/tools/bin/../lib/gcc/arm-none-eabi/7.3.1/thumb/v7-m/crti.o
LOAD c:/st/stm32cubeide_1.5.0/stm32cubeide/plugins/com.st.stm32cube.ide.mcu.externaltools.gnu-tools-for-stm32.7-2018-q2-update.win32_1.5.0.202011040924/tools/bin/../lib/gcc/arm-none-eabi/7.3.1/thumb/v7-m/crtbegin.o
LOAD c:/st/stm32cubeide_1.5.0/stm32cubeide/plugins/com.st.stm32cube.ide.mcu.externaltools.gnu-tools-for-stm32.7-2018-q2-update.win32_1.5.0.202011040924/tools/bin/../lib/gcc/arm-none-eabi/7.3.1/../../../../arm-none-eabi/lib/thumb/v7-m/crt0.o
LOAD Core/Src/main.o
LOAD Core/Src/system_stm32f1xx.o
LOAD Peripherals/Src/gpio.o
LOAD Peripherals/Src/rcc.o
LOAD Peripherals/Src/uart.o
LOAD Startup/startup_stm32f103xb.o
START GROUP
LOAD c:/st/stm32cubeide_1.5.0/stm32cubeide/plugins/com.st.stm32cube.ide.mcu.externaltools.gnu-tools-for-stm32.7-2018-q2-update.win32_1.5.0.202011040924/tools/bin/../lib/gcc/arm-none-eabi/7.3.1/../../../../arm-none-eabi/lib/thumb/v7-m\libc_nano.a
LOAD c:/st/stm32cubeide_1.5.0/stm32cubeide/plugins/com.st.stm32cube.ide.mcu.externaltools.gnu-tools-for-stm32.7-2018-q2-update.win32_1.5.0.202011040924/tools/bin/../lib/gcc/arm-none-eabi/7.3.1/../../../../arm-none-eabi/lib/thumb/v7-m\libm.a
END GROUP
START GROUP
LOAD c:/st/stm32cubeide_1.5.0/stm32cubeide/plugins/com.st.stm32cube.ide.mcu.externaltools.gnu-tools-for-stm32.7-2018-q2-update.win32_1.5.0.202011040924/tools/bin/../lib/gcc/arm-none-eabi/7.3.1/thumb/v7-m\libgcc.a
LOAD c:/st/stm32cubeide_1.5.0/stm32cubeide/plugins/com.st.stm32cube.ide.mcu.externaltools.gnu-tools-for-stm32.7-2018-q2-update.win32_1.5.0.202011040924/tools/bin/../lib/gcc/arm-none-eabi/7.3.1/../../../../arm-none-eabi/lib/thumb/v7-m\libc_nano.a
END GROUP
START GROUP
LOAD c:/st/stm32cubeide_1.5.0/stm32cubeide/plugins/com.st.stm32cube.ide.mcu.externaltools.gnu-tools-for-stm32.7-2018-q2-update.win32_1.5.0.202011040924/tools/bin/../lib/gcc/arm-none-eabi/7.3.1/thumb/v7-m\libgcc.a
LOAD c:/st/stm32cubeide_1.5.0/stm32cubeide/plugins/com.st.stm32cube.ide.mcu.externaltools.gnu-tools-for-stm32.7-2018-q2-update.win32_1.5.0.202011040924/tools/bin/../lib/gcc/arm-none-eabi/7.3.1/../../../../arm-none-eabi/lib/thumb/v7-m\libc_nano.a
LOAD c:/st/stm32cubeide_1.5.0/stm32cubeide/plugins/com.st.stm32cube.ide.mcu.externaltools.gnu-tools-for-stm32.7-2018-q2-update.win32_1.5.0.202011040924/tools/bin/../lib/gcc/arm-none-eabi/7.3.1/../../../../arm-none-eabi/lib/thumb/v7-m\libnosys.a
END GROUP
START GROUP
LOAD c:/st/stm32cubeide_1.5.0/stm32cubeide/plugins/com.st.stm32cube.ide.mcu.externaltools.gnu-tools-for-stm32.7-2018-q2-update.win32_1.5.0.202011040924/tools/bin/../lib/gcc/arm-none-eabi/7.3.1/thumb/v7-m\libgcc.a
LOAD c:/st/stm32cubeide_1.5.0/stm32cubeide/plugins/com.st.stm32cube.ide.mcu.externaltools.gnu-tools-for-stm32.7-2018-q2-update.win32_1.5.0.202011040924/tools/bin/../lib/gcc/arm-none-eabi/7.3.1/../../../../arm-none-eabi/lib/thumb/v7-m\libc_nano.a
LOAD c:/st/stm32cubeide_1.5.0/stm32cubeide/plugins/com.st.stm32cube.ide.mcu.externaltools.gnu-tools-for-stm32.7-2018-q2-update.win32_1.5.0.202011040924/tools/bin/../lib/gcc/arm-none-eabi/7.3.1/../../../../arm-none-eabi/lib/thumb/v7-m\libnosys.a
END GROUP
LOAD c:/st/stm32cubeide_1.5.0/stm32cubeide/plugins/com.st.stm32cube.ide.mcu.externaltools.gnu-tools-for-stm32.7-2018-q2-update.win32_1.5.0.202011040924/tools/bin/../lib/gcc/arm-none-eabi/7.3.1/thumb/v7-m/crtend.o
LOAD c:/st/stm32cubeide_1.5.0/stm32cubeide/plugins/com.st.stm32cube.ide.mcu.externaltools.gnu-tools-for-stm32.7-2018-q2-update.win32_1.5.0.202011040924/tools/bin/../lib/gcc/arm-none-eabi/7.3.1/thumb/v7-m/crtn.o
                0x0000000020005000                _estack = (ORIGIN (RAM) + LENGTH (RAM))
                0x0000000000000200                _Min_Heap_Size = 0x200
                0x0000000000000400                _Min_Stack_Size = 0x400

.isr_vector     0x0000000008000000      0x10c
                0x0000000008000000                . = ALIGN (0x4)
 *(.isr_vector)
 .isr_vector    0x0000000008000000      0x10c Startup/startup_stm32f103xb.o
                0x0000000008000000                g_pfnVectors
                0x000000000800010c                . = ALIGN (0x4)

.text           0x000000000800010c      0x41c
                0x000000000800010c                . = ALIGN (0x4)
 *(.text)
 .text          0x000000000800010c       0x40 c:/st/stm32cubeide_1.5.0/stm32cubeide/plugins/com.st.stm32cube.ide.mcu.externaltools.gnu-tools-for-stm32.7-2018-q2-update.win32_1.5.0.202011040924/tools/bin/../lib/gcc/arm-none-eabi/7.3.1/thumb/v7-m/crtbegin.o
 *(.text*)
 .text.main     0x000000000800014c       0x34 Core/Src/main.o
                0x000000000800014c                main
 .text.SystemInit
                0x0000000008000180        0xc Core/Src/system_stm32f1xx.o
                0x0000000008000180                SystemInit
 .text.gpio_LED_config
                0x000000000800018c       0x50 Peripherals/Src/gpio.o
                0x000000000800018c                gpio_LED_config
 .text.gpio_digitalWrite
                0x00000000080001dc       0x24 Peripherals/Src/gpio.o
                0x00000000080001dc                gpio_digitalWrite
 .text.__NVIC_ClearPendingIRQ
                0x0000000008000200       0x3c Peripherals/Src/rcc.o
 .text.__NVIC_SetPriority
                0x000000000800023c       0x54 Peripherals/Src/rcc.o
 .text.rcc_HSE_config
                0x0000000008000290      0x124 Peripherals/Src/rcc.o
                0x0000000008000290                rcc_HSE_config
 .text.rcc_SysTick_config
                0x00000000080003b4       0x3c Peripherals/Src/rcc.o
                0x00000000080003b4                rcc_SysTick_config
 .text.rcc_msIncTicks
                0x00000000080003f0       0x1c Peripherals/Src/rcc.o
                0x00000000080003f0                rcc_msIncTicks
 .text.rcc_msGetTicks
                0x000000000800040c       0x14 Peripherals/Src/rcc.o
                0x000000000800040c                rcc_msGetTicks
 .text.rcc_msDelay
                0x0000000008000420       0x28 Peripherals/Src/rcc.o
                0x0000000008000420                rcc_msDelay
 .text.rcc_sDelay
                0x0000000008000448       0x20 Peripherals/Src/rcc.o
                0x0000000008000448                rcc_sDelay
 .text.SysTick_Handler
                0x0000000008000468       0x14 Peripherals/Src/rcc.o
                0x0000000008000468                SysTick_Handler
 .text.Reset_Handler
                0x000000000800047c       0x48 Startup/startup_stm32f103xb.o
                0x000000000800047c                Reset_Handler
 .text.Default_Handler
                0x00000000080004c4        0x2 Startup/startup_stm32f103xb.o
                0x00000000080004c4                RTC_Alarm_IRQHandler
                0x00000000080004c4                EXTI2_IRQHandler
                0x00000000080004c4                DebugMon_Handler
                0x00000000080004c4                TIM1_CC_IRQHandler
                0x00000000080004c4                HardFault_Handler
                0x00000000080004c4                PVD_IRQHandler
                0x00000000080004c4                PendSV_Handler
                0x00000000080004c4                NMI_Handler
                0x00000000080004c4                EXTI3_IRQHandler
                0x00000000080004c4                EXTI0_IRQHandler
                0x00000000080004c4                I2C2_EV_IRQHandler
                0x00000000080004c4                UsageFault_Handler
                0x00000000080004c4                ADC1_2_IRQHandler
                0x00000000080004c4                SPI1_IRQHandler
                0x00000000080004c4                TAMPER_IRQHandler
                0x00000000080004c4                DMA1_Channel4_IRQHandler
                0x00000000080004c4                USART3_IRQHandler
                0x00000000080004c4                RTC_IRQHandler
                0x00000000080004c4                DMA1_Channel7_IRQHandler
                0x00000000080004c4                CAN1_RX1_IRQHandler
                0x00000000080004c4                TIM4_IRQHandler
                0x00000000080004c4                I2C1_EV_IRQHandler
                0x00000000080004c4                DMA1_Channel6_IRQHandler
                0x00000000080004c4                TIM3_IRQHandler
                0x00000000080004c4                RCC_IRQHandler
                0x00000000080004c4                TIM1_TRG_COM_IRQHandler
                0x00000000080004c4                DMA1_Channel1_IRQHandler
                0x00000000080004c4                Default_Handler
                0x00000000080004c4                EXTI15_10_IRQHandler
                0x00000000080004c4                EXTI9_5_IRQHandler
                0x00000000080004c4                SPI2_IRQHandler
                0x00000000080004c4                MemManage_Handler
                0x00000000080004c4                SVC_Handler
                0x00000000080004c4                DMA1_Channel5_IRQHandler
                0x00000000080004c4                EXTI4_IRQHandler
                0x00000000080004c4                USB_LP_CAN1_RX0_IRQHandler
                0x00000000080004c4                USB_HP_CAN1_TX_IRQHandler
                0x00000000080004c4                DMA1_Channel3_IRQHandler
                0x00000000080004c4                TIM1_UP_IRQHandler
                0x00000000080004c4                WWDG_IRQHandler
                0x00000000080004c4                TIM2_IRQHandler
                0x00000000080004c4                TIM1_BRK_IRQHandler
                0x00000000080004c4                EXTI1_IRQHandler
                0x00000000080004c4                USART2_IRQHandler
                0x00000000080004c4                I2C2_ER_IRQHandler
                0x00000000080004c4                DMA1_Channel2_IRQHandler
                0x00000000080004c4                CAN1_SCE_IRQHandler
                0x00000000080004c4                FLASH_IRQHandler
                0x00000000080004c4                BusFault_Handler
                0x00000000080004c4                USART1_IRQHandler
                0x00000000080004c4                I2C1_ER_IRQHandler
                0x00000000080004c4                USBWakeUp_IRQHandler
 *fill*         0x00000000080004c6        0x2 
 .text.__libc_init_array
                0x00000000080004c8       0x48 c:/st/stm32cubeide_1.5.0/stm32cubeide/plugins/com.st.stm32cube.ide.mcu.externaltools.gnu-tools-for-stm32.7-2018-q2-update.win32_1.5.0.202011040924/tools/bin/../lib/gcc/arm-none-eabi/7.3.1/../../../../arm-none-eabi/lib/thumb/v7-m\libc_nano.a(lib_a-init.o)
                0x00000000080004c8                __libc_init_array
 *(.glue_7)
 .glue_7        0x0000000008000510        0x0 linker stubs
 *(.glue_7t)
 .glue_7t       0x0000000008000510        0x0 linker stubs
 *(.eh_frame)
 .eh_frame      0x0000000008000510        0x0 c:/st/stm32cubeide_1.5.0/stm32cubeide/plugins/com.st.stm32cube.ide.mcu.externaltools.gnu-tools-for-stm32.7-2018-q2-update.win32_1.5.0.202011040924/tools/bin/../lib/gcc/arm-none-eabi/7.3.1/thumb/v7-m/crtbegin.o
 *(.init)
 .init          0x0000000008000510        0x4 c:/st/stm32cubeide_1.5.0/stm32cubeide/plugins/com.st.stm32cube.ide.mcu.externaltools.gnu-tools-for-stm32.7-2018-q2-update.win32_1.5.0.202011040924/tools/bin/../lib/gcc/arm-none-eabi/7.3.1/thumb/v7-m/crti.o
                0x0000000008000510                _init
 .init          0x0000000008000514        0x8 c:/st/stm32cubeide_1.5.0/stm32cubeide/plugins/com.st.stm32cube.ide.mcu.externaltools.gnu-tools-for-stm32.7-2018-q2-update.win32_1.5.0.202011040924/tools/bin/../lib/gcc/arm-none-eabi/7.3.1/thumb/v7-m/crtn.o
 *(.fini)
 .fini          0x000000000800051c        0x4 c:/st/stm32cubeide_1.5.0/stm32cubeide/plugins/com.st.stm32cube.ide.mcu.externaltools.gnu-tools-for-stm32.7-2018-q2-update.win32_1.5.0.202011040924/tools/bin/../lib/gcc/arm-none-eabi/7.3.1/thumb/v7-m/crti.o
                0x000000000800051c                _fini
 .fini          0x0000000008000520        0x8 c:/st/stm32cubeide_1.5.0/stm32cubeide/plugins/com.st.stm32cube.ide.mcu.externaltools.gnu-tools-for-stm32.7-2018-q2-update.win32_1.5.0.202011040924/tools/bin/../lib/gcc/arm-none-eabi/7.3.1/thumb/v7-m/crtn.o
                0x0000000008000528                . = ALIGN (0x4)
                0x0000000008000528                _etext = .

.vfp11_veneer   0x0000000008000528        0x0
 .vfp11_veneer  0x0000000008000528        0x0 linker stubs

.v4_bx          0x0000000008000528        0x0
 .v4_bx         0x0000000008000528        0x0 linker stubs

.iplt           0x0000000008000528        0x0
 .iplt          0x0000000008000528        0x0 c:/st/stm32cubeide_1.5.0/stm32cubeide/plugins/com.st.stm32cube.ide.mcu.externaltools.gnu-tools-for-stm32.7-2018-q2-update.win32_1.5.0.202011040924/tools/bin/../lib/gcc/arm-none-eabi/7.3.1/thumb/v7-m/crtbegin.o

.rel.dyn        0x0000000008000528        0x0
 .rel.iplt      0x0000000008000528        0x0 c:/st/stm32cubeide_1.5.0/stm32cubeide/plugins/com.st.stm32cube.ide.mcu.externaltools.gnu-tools-for-stm32.7-2018-q2-update.win32_1.5.0.202011040924/tools/bin/../lib/gcc/arm-none-eabi/7.3.1/thumb/v7-m/crtbegin.o

.rodata         0x0000000008000528        0x0
                0x0000000008000528                . = ALIGN (0x4)
 *(.rodata)
 *(.rodata*)
                0x0000000008000528                . = ALIGN (0x4)

.ARM.extab      0x0000000008000528        0x0
                0x0000000008000528                . = ALIGN (0x4)
 *(.ARM.extab* .gnu.linkonce.armextab.*)
                0x0000000008000528                . = ALIGN (0x4)

.ARM            0x0000000008000528        0x0
                0x0000000008000528                . = ALIGN (0x4)
                0x0000000008000528                __exidx_start = .
 *(.ARM.exidx*)
                0x0000000008000528                __exidx_end = .
                0x0000000008000528                . = ALIGN (0x4)

.preinit_array  0x0000000008000528        0x0
                0x0000000008000528                . = ALIGN (0x4)
                0x0000000008000528                PROVIDE (__preinit_array_start = .)
 *(.preinit_array*)
                0x0000000008000528                PROVIDE (__preinit_array_end = .)
                0x0000000008000528                . = ALIGN (0x4)

.init_array     0x0000000008000528        0x4
                0x0000000008000528                . = ALIGN (0x4)
                0x0000000008000528                PROVIDE (__init_array_start = .)
 *(SORT_BY_NAME(.init_array.*))
 *(.init_array*)
 .init_array    0x0000000008000528        0x4 c:/st/stm32cubeide_1.5.0/stm32cubeide/plugins/com.st.stm32cube.ide.mcu.externaltools.gnu-tools-for-stm32.7-2018-q2-update.win32_1.5.0.202011040924/tools/bin/../lib/gcc/arm-none-eabi/7.3.1/thumb/v7-m/crtbegin.o
                0x000000000800052c                PROVIDE (__init_array_end = .)
                0x000000000800052c                . = ALIGN (0x4)

.fini_array     0x000000000800052c        0x4
                0x000000000800052c                . = ALIGN (0x4)
                [!provide]                        PROVIDE (__fini_array_start = .)
 *(SORT_BY_NAME(.fini_array.*))
 *(.fini_array*)
 .fini_array    0x000000000800052c        0x4 c:/st/stm32cubeide_1.5.0/stm32cubeide/plugins/com.st.stm32cube.ide.mcu.externaltools.gnu-tools-for-stm32.7-2018-q2-update.win32_1.5.0.202011040924/tools/bin/../lib/gcc/arm-none-eabi/7.3.1/thumb/v7-m/crtbegin.o
                [!provide]                        PROVIDE (__fini_array_end = .)
                0x0000000008000530                . = ALIGN (0x4)
                0x0000000008000530                _sidata = LOADADDR (.data)

.data           0x0000000020000000        0x0 load address 0x0000000008000530
                0x0000000020000000                . = ALIGN (0x4)
                0x0000000020000000                _sdata = .
 *(.data)
 *(.data*)
 *(.RamFunc)
 *(.RamFunc*)
                0x0000000020000000                . = ALIGN (0x4)
                0x0000000020000000                _edata = .

.igot.plt       0x0000000020000000        0x0 load address 0x0000000008000530
 .igot.plt      0x0000000020000000        0x0 c:/st/stm32cubeide_1.5.0/stm32cubeide/plugins/com.st.stm32cube.ide.mcu.externaltools.gnu-tools-for-stm32.7-2018-q2-update.win32_1.5.0.202011040924/tools/bin/../lib/gcc/arm-none-eabi/7.3.1/thumb/v7-m/crtbegin.o
                0x0000000020000000                . = ALIGN (0x4)

.bss            0x0000000020000000       0x20 load address 0x0000000008000530
                0x0000000020000000                _sbss = .
                0x0000000020000000                __bss_start__ = _sbss
 *(.bss)
 .bss           0x0000000020000000       0x1c c:/st/stm32cubeide_1.5.0/stm32cubeide/plugins/com.st.stm32cube.ide.mcu.externaltools.gnu-tools-for-stm32.7-2018-q2-update.win32_1.5.0.202011040924/tools/bin/../lib/gcc/arm-none-eabi/7.3.1/thumb/v7-m/crtbegin.o
 *(.bss*)
 .bss.msTicks   0x000000002000001c        0x4 Peripherals/Src/rcc.o
 *(COMMON)
                0x0000000020000020                . = ALIGN (0x4)
                0x0000000020000020                _ebss = .
                0x0000000020000020                __bss_end__ = _ebss

._user_heap_stack
                0x0000000020000020      0x600 load address 0x0000000008000530
                0x0000000020000020                . = ALIGN (0x8)
                [!provide]                        PROVIDE (end = .)
                [!provide]                        PROVIDE (_end = .)
                0x0000000020000220                . = (. + _Min_Heap_Size)
 *fill*         0x0000000020000020      0x200 
                0x0000000020000620                . = (. + _Min_Stack_Size)
 *fill*         0x0000000020000220      0x400 
                0x0000000020000620                . = ALIGN (0x8)

/DISCARD/
 libc.a(*)
 libm.a(*)
 libgcc.a(*)

.ARM.attributes
                0x0000000000000000       0x29
 *(.ARM.attributes)
 .ARM.attributes
                0x0000000000000000       0x1d c:/st/stm32cubeide_1.5.0/stm32cubeide/plugins/com.st.stm32cube.ide.mcu.externaltools.gnu-tools-for-stm32.7-2018-q2-update.win32_1.5.0.202011040924/tools/bin/../lib/gcc/arm-none-eabi/7.3.1/thumb/v7-m/crti.o
 .ARM.attributes
                0x000000000000001d       0x2d c:/st/stm32cubeide_1.5.0/stm32cubeide/plugins/com.st.stm32cube.ide.mcu.externaltools.gnu-tools-for-stm32.7-2018-q2-update.win32_1.5.0.202011040924/tools/bin/../lib/gcc/arm-none-eabi/7.3.1/thumb/v7-m/crtbegin.o
 .ARM.attributes
                0x000000000000004a       0x33 Core/Src/main.o
 .ARM.attributes
                0x000000000000007d       0x33 Core/Src/system_stm32f1xx.o
 .ARM.attributes
                0x00000000000000b0       0x33 Peripherals/Src/gpio.o
 .ARM.attributes
                0x00000000000000e3       0x33 Peripherals/Src/rcc.o
 .ARM.attributes
                0x0000000000000116       0x21 Startup/startup_stm32f103xb.o
 .ARM.attributes
                0x0000000000000137       0x2d c:/st/stm32cubeide_1.5.0/stm32cubeide/plugins/com.st.stm32cube.ide.mcu.externaltools.gnu-tools-for-stm32.7-2018-q2-update.win32_1.5.0.202011040924/tools/bin/../lib/gcc/arm-none-eabi/7.3.1/../../../../arm-none-eabi/lib/thumb/v7-m\libc_nano.a(lib_a-init.o)
 .ARM.attributes
                0x0000000000000164       0x1d c:/st/stm32cubeide_1.5.0/stm32cubeide/plugins/com.st.stm32cube.ide.mcu.externaltools.gnu-tools-for-stm32.7-2018-q2-update.win32_1.5.0.202011040924/tools/bin/../lib/gcc/arm-none-eabi/7.3.1/thumb/v7-m/crtn.o
OUTPUT(1.Set_Up_Project.elf elf32-littlearm)

.debug_info     0x0000000000000000      0xe39
 .debug_info    0x0000000000000000      0x140 Core/Src/main.o
 .debug_info    0x0000000000000140      0x241 Core/Src/system_stm32f1xx.o
 .debug_info    0x0000000000000381      0x2d6 Peripherals/Src/gpio.o
 .debug_info    0x0000000000000657      0x7c0 Peripherals/Src/rcc.o
 .debug_info    0x0000000000000e17       0x22 Startup/startup_stm32f103xb.o

.debug_abbrev   0x0000000000000000      0x517
 .debug_abbrev  0x0000000000000000       0xa7 Core/Src/main.o
 .debug_abbrev  0x00000000000000a7      0x134 Core/Src/system_stm32f1xx.o
 .debug_abbrev  0x00000000000001db      0x14a Peripherals/Src/gpio.o
 .debug_abbrev  0x0000000000000325      0x1e0 Peripherals/Src/rcc.o
 .debug_abbrev  0x0000000000000505       0x12 Startup/startup_stm32f103xb.o

.debug_aranges  0x0000000000000000      0x118
 .debug_aranges
                0x0000000000000000       0x20 Core/Src/main.o
 .debug_aranges
                0x0000000000000020       0x28 Core/Src/system_stm32f1xx.o
 .debug_aranges
                0x0000000000000048       0x48 Peripherals/Src/gpio.o
 .debug_aranges
                0x0000000000000090       0x60 Peripherals/Src/rcc.o
 .debug_aranges
                0x00000000000000f0       0x28 Startup/startup_stm32f103xb.o

.debug_ranges   0x0000000000000000       0xd0
 .debug_ranges  0x0000000000000000       0x10 Core/Src/main.o
 .debug_ranges  0x0000000000000010       0x18 Core/Src/system_stm32f1xx.o
 .debug_ranges  0x0000000000000028       0x38 Peripherals/Src/gpio.o
 .debug_ranges  0x0000000000000060       0x50 Peripherals/Src/rcc.o
 .debug_ranges  0x00000000000000b0       0x20 Startup/startup_stm32f103xb.o

.debug_macro    0x0000000000000000    0x101a3
 .debug_macro   0x0000000000000000       0xe3 Core/Src/main.o
 .debug_macro   0x00000000000000e3      0xa54 Core/Src/main.o
 .debug_macro   0x0000000000000b37       0x2e Core/Src/main.o
 .debug_macro   0x0000000000000b65       0x22 Core/Src/main.o
 .debug_macro   0x0000000000000b87       0x22 Core/Src/main.o
 .debug_macro   0x0000000000000ba9       0x8e Core/Src/main.o
 .debug_macro   0x0000000000000c37       0x51 Core/Src/main.o
 .debug_macro   0x0000000000000c88       0xef Core/Src/main.o
 .debug_macro   0x0000000000000d77       0x6a Core/Src/main.o
 .debug_macro   0x0000000000000de1      0x1df Core/Src/main.o
 .debug_macro   0x0000000000000fc0       0x1c Core/Src/main.o
 .debug_macro   0x0000000000000fdc       0x22 Core/Src/main.o
 .debug_macro   0x0000000000000ffe       0xc3 Core/Src/main.o
 .debug_macro   0x00000000000010c1      0xd23 Core/Src/main.o
 .debug_macro   0x0000000000001de4     0xe09e Core/Src/main.o
 .debug_macro   0x000000000000fe82       0x6d Core/Src/main.o
 .debug_macro   0x000000000000feef       0x22 Core/Src/main.o
 .debug_macro   0x000000000000ff11       0xc8 Core/Src/system_stm32f1xx.o
 .debug_macro   0x000000000000ffd9       0xf1 Peripherals/Src/gpio.o
 .debug_macro   0x00000000000100ca       0xd9 Peripherals/Src/rcc.o

.debug_line     0x0000000000000000     0x15ff
 .debug_line    0x0000000000000000      0x544 Core/Src/main.o
 .debug_line    0x0000000000000544      0x4ab Core/Src/system_stm32f1xx.o
 .debug_line    0x00000000000009ef      0x591 Peripherals/Src/gpio.o
 .debug_line    0x0000000000000f80      0x600 Peripherals/Src/rcc.o
 .debug_line    0x0000000000001580       0x7f Startup/startup_stm32f103xb.o

.debug_str      0x0000000000000000    0x54a0f
 .debug_str     0x0000000000000000    0x543c4 Core/Src/main.o
                                      0x545fc (size before relaxing)
 .debug_str     0x00000000000543c4       0xee Core/Src/system_stm32f1xx.o
                                      0x54602 (size before relaxing)
 .debug_str     0x00000000000544b2      0x138 Peripherals/Src/gpio.o
                                      0x54741 (size before relaxing)
 .debug_str     0x00000000000545ea      0x3f6 Peripherals/Src/rcc.o
                                      0x54aa9 (size before relaxing)
 .debug_str     0x00000000000549e0       0x2f Startup/startup_stm32f103xb.o
                                         0x60 (size before relaxing)

.comment        0x0000000000000000       0x7b
 .comment       0x0000000000000000       0x7b Core/Src/main.o
                                         0x7c (size before relaxing)
 .comment       0x000000000000007b       0x7c Core/Src/system_stm32f1xx.o
 .comment       0x000000000000007b       0x7c Peripherals/Src/gpio.o
 .comment       0x000000000000007b       0x7c Peripherals/Src/rcc.o

.debug_frame    0x0000000000000000      0x2d4
 .debug_frame   0x0000000000000000       0x2c Core/Src/main.o
 .debug_frame   0x000000000000002c       0x58 Core/Src/system_stm32f1xx.o
 .debug_frame   0x0000000000000084       0xdc Peripherals/Src/gpio.o
 .debug_frame   0x0000000000000160      0x148 Peripherals/Src/rcc.o
 .debug_frame   0x00000000000002a8       0x2c c:/st/stm32cubeide_1.5.0/stm32cubeide/plugins/com.st.stm32cube.ide.mcu.externaltools.gnu-tools-for-stm32.7-2018-q2-update.win32_1.5.0.202011040924/tools/bin/../lib/gcc/arm-none-eabi/7.3.1/../../../../arm-none-eabi/lib/thumb/v7-m\libc_nano.a(lib_a-init.o)
