Archive member included to satisfy reference by file (symbol)

c:/st/stm32cubeide_1.5.0/stm32cubeide/plugins/com.st.stm32cube.ide.mcu.externaltools.gnu-tools-for-stm32.7-2018-q2-update.win32_1.5.0.202011040924/tools/bin/../lib/gcc/arm-none-eabi/7.3.1/../../../../arm-none-eabi/lib/thumb/v7-m\libc_nano.a(lib_a-exit.o)
                              c:/st/stm32cubeide_1.5.0/stm32cubeide/plugins/com.st.stm32cube.ide.mcu.externaltools.gnu-tools-for-stm32.7-2018-q2-update.win32_1.5.0.202011040924/tools/bin/../lib/gcc/arm-none-eabi/7.3.1/../../../../arm-none-eabi/lib/thumb/v7-m/crt0.o (exit)
c:/st/stm32cubeide_1.5.0/stm32cubeide/plugins/com.st.stm32cube.ide.mcu.externaltools.gnu-tools-for-stm32.7-2018-q2-update.win32_1.5.0.202011040924/tools/bin/../lib/gcc/arm-none-eabi/7.3.1/../../../../arm-none-eabi/lib/thumb/v7-m\libc_nano.a(lib_a-impure.o)
                              c:/st/stm32cubeide_1.5.0/stm32cubeide/plugins/com.st.stm32cube.ide.mcu.externaltools.gnu-tools-for-stm32.7-2018-q2-update.win32_1.5.0.202011040924/tools/bin/../lib/gcc/arm-none-eabi/7.3.1/../../../../arm-none-eabi/lib/thumb/v7-m\libc_nano.a(lib_a-exit.o) (_global_impure_ptr)
c:/st/stm32cubeide_1.5.0/stm32cubeide/plugins/com.st.stm32cube.ide.mcu.externaltools.gnu-tools-for-stm32.7-2018-q2-update.win32_1.5.0.202011040924/tools/bin/../lib/gcc/arm-none-eabi/7.3.1/../../../../arm-none-eabi/lib/thumb/v7-m\libc_nano.a(lib_a-init.o)
                              c:/st/stm32cubeide_1.5.0/stm32cubeide/plugins/com.st.stm32cube.ide.mcu.externaltools.gnu-tools-for-stm32.7-2018-q2-update.win32_1.5.0.202011040924/tools/bin/../lib/gcc/arm-none-eabi/7.3.1/../../../../arm-none-eabi/lib/thumb/v7-m/crt0.o (__libc_init_array)
c:/st/stm32cubeide_1.5.0/stm32cubeide/plugins/com.st.stm32cube.ide.mcu.externaltools.gnu-tools-for-stm32.7-2018-q2-update.win32_1.5.0.202011040924/tools/bin/../lib/gcc/arm-none-eabi/7.3.1/../../../../arm-none-eabi/lib/thumb/v7-m\libc_nano.a(lib_a-memset.o)
                              c:/st/stm32cubeide_1.5.0/stm32cubeide/plugins/com.st.stm32cube.ide.mcu.externaltools.gnu-tools-for-stm32.7-2018-q2-update.win32_1.5.0.202011040924/tools/bin/../lib/gcc/arm-none-eabi/7.3.1/../../../../arm-none-eabi/lib/thumb/v7-m/crt0.o (memset)
c:/st/stm32cubeide_1.5.0/stm32cubeide/plugins/com.st.stm32cube.ide.mcu.externaltools.gnu-tools-for-stm32.7-2018-q2-update.win32_1.5.0.202011040924/tools/bin/../lib/gcc/arm-none-eabi/7.3.1/thumb/v7-m\libgcc.a(_arm_addsubsf3.o)
                              Peripherals/Src/uart.o (__aeabi_fsub)
c:/st/stm32cubeide_1.5.0/stm32cubeide/plugins/com.st.stm32cube.ide.mcu.externaltools.gnu-tools-for-stm32.7-2018-q2-update.win32_1.5.0.202011040924/tools/bin/../lib/gcc/arm-none-eabi/7.3.1/thumb/v7-m\libgcc.a(_arm_muldivsf3.o)
                              Peripherals/Src/uart.o (__aeabi_fmul)
c:/st/stm32cubeide_1.5.0/stm32cubeide/plugins/com.st.stm32cube.ide.mcu.externaltools.gnu-tools-for-stm32.7-2018-q2-update.win32_1.5.0.202011040924/tools/bin/../lib/gcc/arm-none-eabi/7.3.1/thumb/v7-m\libgcc.a(_arm_fixunssfsi.o)
                              Peripherals/Src/uart.o (__aeabi_f2uiz)
c:/st/stm32cubeide_1.5.0/stm32cubeide/plugins/com.st.stm32cube.ide.mcu.externaltools.gnu-tools-for-stm32.7-2018-q2-update.win32_1.5.0.202011040924/tools/bin/../lib/gcc/arm-none-eabi/7.3.1/../../../../arm-none-eabi/lib/thumb/v7-m\libnosys.a(_exit.o)
                              c:/st/stm32cubeide_1.5.0/stm32cubeide/plugins/com.st.stm32cube.ide.mcu.externaltools.gnu-tools-for-stm32.7-2018-q2-update.win32_1.5.0.202011040924/tools/bin/../lib/gcc/arm-none-eabi/7.3.1/../../../../arm-none-eabi/lib/thumb/v7-m\libc_nano.a(lib_a-exit.o) (_exit)

Discarded input sections

 .text          0x0000000000000000        0x0 c:/st/stm32cubeide_1.5.0/stm32cubeide/plugins/com.st.stm32cube.ide.mcu.externaltools.gnu-tools-for-stm32.7-2018-q2-update.win32_1.5.0.202011040924/tools/bin/../lib/gcc/arm-none-eabi/7.3.1/thumb/v7-m/crti.o
 .data          0x0000000000000000        0x0 c:/st/stm32cubeide_1.5.0/stm32cubeide/plugins/com.st.stm32cube.ide.mcu.externaltools.gnu-tools-for-stm32.7-2018-q2-update.win32_1.5.0.202011040924/tools/bin/../lib/gcc/arm-none-eabi/7.3.1/thumb/v7-m/crti.o
 .bss           0x0000000000000000        0x0 c:/st/stm32cubeide_1.5.0/stm32cubeide/plugins/com.st.stm32cube.ide.mcu.externaltools.gnu-tools-for-stm32.7-2018-q2-update.win32_1.5.0.202011040924/tools/bin/../lib/gcc/arm-none-eabi/7.3.1/thumb/v7-m/crti.o
 .data          0x0000000000000000        0x4 c:/st/stm32cubeide_1.5.0/stm32cubeide/plugins/com.st.stm32cube.ide.mcu.externaltools.gnu-tools-for-stm32.7-2018-q2-update.win32_1.5.0.202011040924/tools/bin/../lib/gcc/arm-none-eabi/7.3.1/thumb/v7-m/crtbegin.o
 .text          0x0000000000000000       0x74 c:/st/stm32cubeide_1.5.0/stm32cubeide/plugins/com.st.stm32cube.ide.mcu.externaltools.gnu-tools-for-stm32.7-2018-q2-update.win32_1.5.0.202011040924/tools/bin/../lib/gcc/arm-none-eabi/7.3.1/../../../../arm-none-eabi/lib/thumb/v7-m/crt0.o
 .data          0x0000000000000000        0x0 c:/st/stm32cubeide_1.5.0/stm32cubeide/plugins/com.st.stm32cube.ide.mcu.externaltools.gnu-tools-for-stm32.7-2018-q2-update.win32_1.5.0.202011040924/tools/bin/../lib/gcc/arm-none-eabi/7.3.1/../../../../arm-none-eabi/lib/thumb/v7-m/crt0.o
 .bss           0x0000000000000000        0x0 c:/st/stm32cubeide_1.5.0/stm32cubeide/plugins/com.st.stm32cube.ide.mcu.externaltools.gnu-tools-for-stm32.7-2018-q2-update.win32_1.5.0.202011040924/tools/bin/../lib/gcc/arm-none-eabi/7.3.1/../../../../arm-none-eabi/lib/thumb/v7-m/crt0.o
 .ARM.extab     0x0000000000000000        0x0 c:/st/stm32cubeide_1.5.0/stm32cubeide/plugins/com.st.stm32cube.ide.mcu.externaltools.gnu-tools-for-stm32.7-2018-q2-update.win32_1.5.0.202011040924/tools/bin/../lib/gcc/arm-none-eabi/7.3.1/../../../../arm-none-eabi/lib/thumb/v7-m/crt0.o
 .ARM.exidx     0x0000000000000000        0x8 c:/st/stm32cubeide_1.5.0/stm32cubeide/plugins/com.st.stm32cube.ide.mcu.externaltools.gnu-tools-for-stm32.7-2018-q2-update.win32_1.5.0.202011040924/tools/bin/../lib/gcc/arm-none-eabi/7.3.1/../../../../arm-none-eabi/lib/thumb/v7-m/crt0.o
 .ARM.attributes
                0x0000000000000000       0x1b c:/st/stm32cubeide_1.5.0/stm32cubeide/plugins/com.st.stm32cube.ide.mcu.externaltools.gnu-tools-for-stm32.7-2018-q2-update.win32_1.5.0.202011040924/tools/bin/../lib/gcc/arm-none-eabi/7.3.1/../../../../arm-none-eabi/lib/thumb/v7-m/crt0.o
 .group         0x0000000000000000        0xc Core/Src/main.o
 .group         0x0000000000000000        0xc Core/Src/main.o
 .group         0x0000000000000000        0xc Core/Src/main.o
 .group         0x0000000000000000        0xc Core/Src/main.o
 .group         0x0000000000000000        0xc Core/Src/main.o
 .group         0x0000000000000000        0xc Core/Src/main.o
 .group         0x0000000000000000        0xc Core/Src/main.o
 .group         0x0000000000000000        0xc Core/Src/main.o
 .group         0x0000000000000000        0xc Core/Src/main.o
 .group         0x0000000000000000        0xc Core/Src/main.o
 .group         0x0000000000000000        0xc Core/Src/main.o
 .group         0x0000000000000000        0xc Core/Src/main.o
 .group         0x0000000000000000        0xc Core/Src/main.o
 .group         0x0000000000000000        0xc Core/Src/main.o
 .group         0x0000000000000000        0xc Core/Src/main.o
 .group         0x0000000000000000        0xc Core/Src/main.o
 .group         0x0000000000000000        0xc Core/Src/main.o
 .group         0x0000000000000000        0xc Core/Src/main.o
 .group         0x0000000000000000        0xc Core/Src/main.o
 .group         0x0000000000000000        0xc Core/Src/main.o
 .group         0x0000000000000000        0xc Core/Src/main.o
 .group         0x0000000000000000        0xc Core/Src/main.o
 .group         0x0000000000000000        0xc Core/Src/main.o
 .group         0x0000000000000000        0xc Core/Src/main.o
 .group         0x0000000000000000        0xc Core/Src/main.o
 .group         0x0000000000000000        0xc Core/Src/main.o
 .group         0x0000000000000000        0xc Core/Src/main.o
 .group         0x0000000000000000        0xc Core/Src/main.o
 .group         0x0000000000000000        0xc Core/Src/main.o
 .group         0x0000000000000000        0xc Core/Src/main.o
 .group         0x0000000000000000        0xc Core/Src/main.o
 .group         0x0000000000000000        0xc Core/Src/main.o
 .group         0x0000000000000000        0xc Core/Src/main.o
 .group         0x0000000000000000        0xc Core/Src/main.o
 .group         0x0000000000000000        0xc Core/Src/main.o
 .group         0x0000000000000000        0xc Core/Src/main.o
 .group         0x0000000000000000        0xc Core/Src/main.o
 .group         0x0000000000000000        0xc Core/Src/main.o
 .group         0x0000000000000000        0xc Core/Src/main.o
 .group         0x0000000000000000        0xc Core/Src/main.o
 .group         0x0000000000000000        0xc Core/Src/main.o
 .text          0x0000000000000000        0x0 Core/Src/main.o
 .data          0x0000000000000000        0x0 Core/Src/main.o
 .bss           0x0000000000000000        0x0 Core/Src/main.o
 .group         0x0000000000000000        0xc Core/Src/system_stm32f1xx.o
 .group         0x0000000000000000        0xc Core/Src/system_stm32f1xx.o
 .group         0x0000000000000000        0xc Core/Src/system_stm32f1xx.o
 .group         0x0000000000000000        0xc Core/Src/system_stm32f1xx.o
 .group         0x0000000000000000        0xc Core/Src/system_stm32f1xx.o
 .group         0x0000000000000000        0xc Core/Src/system_stm32f1xx.o
 .group         0x0000000000000000        0xc Core/Src/system_stm32f1xx.o
 .group         0x0000000000000000        0xc Core/Src/system_stm32f1xx.o
 .group         0x0000000000000000        0xc Core/Src/system_stm32f1xx.o
 .group         0x0000000000000000        0xc Core/Src/system_stm32f1xx.o
 .group         0x0000000000000000        0xc Core/Src/system_stm32f1xx.o
 .group         0x0000000000000000        0xc Core/Src/system_stm32f1xx.o
 .group         0x0000000000000000        0xc Core/Src/system_stm32f1xx.o
 .group         0x0000000000000000        0xc Core/Src/system_stm32f1xx.o
 .group         0x0000000000000000        0xc Core/Src/system_stm32f1xx.o
 .text          0x0000000000000000        0x0 Core/Src/system_stm32f1xx.o
 .data          0x0000000000000000        0x0 Core/Src/system_stm32f1xx.o
 .bss           0x0000000000000000        0x0 Core/Src/system_stm32f1xx.o
 .data.SystemCoreClock
                0x0000000000000000        0x4 Core/Src/system_stm32f1xx.o
 .rodata.AHBPrescTable
                0x0000000000000000       0x10 Core/Src/system_stm32f1xx.o
 .rodata.APBPrescTable
                0x0000000000000000        0x8 Core/Src/system_stm32f1xx.o
 .text.SystemCoreClockUpdate
                0x0000000000000000       0xd8 Core/Src/system_stm32f1xx.o
 .debug_macro   0x0000000000000000      0xa54 Core/Src/system_stm32f1xx.o
 .debug_macro   0x0000000000000000       0x2e Core/Src/system_stm32f1xx.o
 .debug_macro   0x0000000000000000       0x22 Core/Src/system_stm32f1xx.o
 .debug_macro   0x0000000000000000       0x22 Core/Src/system_stm32f1xx.o
 .debug_macro   0x0000000000000000       0x8e Core/Src/system_stm32f1xx.o
 .debug_macro   0x0000000000000000       0x51 Core/Src/system_stm32f1xx.o
 .debug_macro   0x0000000000000000       0xef Core/Src/system_stm32f1xx.o
 .debug_macro   0x0000000000000000       0x6a Core/Src/system_stm32f1xx.o
 .debug_macro   0x0000000000000000      0x1df Core/Src/system_stm32f1xx.o
 .debug_macro   0x0000000000000000       0x1c Core/Src/system_stm32f1xx.o
 .debug_macro   0x0000000000000000       0x22 Core/Src/system_stm32f1xx.o
 .debug_macro   0x0000000000000000       0xc3 Core/Src/system_stm32f1xx.o
 .debug_macro   0x0000000000000000      0xd23 Core/Src/system_stm32f1xx.o
 .debug_macro   0x0000000000000000     0xe09e Core/Src/system_stm32f1xx.o
 .debug_macro   0x0000000000000000       0x6d Core/Src/system_stm32f1xx.o
 .group         0x0000000000000000        0xc Peripherals/Src/adc.o
 .group         0x0000000000000000        0xc Peripherals/Src/adc.o
 .group         0x0000000000000000        0xc Peripherals/Src/adc.o
 .group         0x0000000000000000        0xc Peripherals/Src/adc.o
 .group         0x0000000000000000        0xc Peripherals/Src/adc.o
 .group         0x0000000000000000        0xc Peripherals/Src/adc.o
 .group         0x0000000000000000        0xc Peripherals/Src/adc.o
 .group         0x0000000000000000        0xc Peripherals/Src/adc.o
 .group         0x0000000000000000        0xc Peripherals/Src/adc.o
 .group         0x0000000000000000        0xc Peripherals/Src/adc.o
 .group         0x0000000000000000        0xc Peripherals/Src/adc.o
 .group         0x0000000000000000        0xc Peripherals/Src/adc.o
 .group         0x0000000000000000        0xc Peripherals/Src/adc.o
 .group         0x0000000000000000        0xc Peripherals/Src/adc.o
 .group         0x0000000000000000        0xc Peripherals/Src/adc.o
 .group         0x0000000000000000        0xc Peripherals/Src/adc.o
 .group         0x0000000000000000        0xc Peripherals/Src/adc.o
 .group         0x0000000000000000        0xc Peripherals/Src/adc.o
 .group         0x0000000000000000        0xc Peripherals/Src/adc.o
 .group         0x0000000000000000        0xc Peripherals/Src/adc.o
 .group         0x0000000000000000        0xc Peripherals/Src/adc.o
 .group         0x0000000000000000        0xc Peripherals/Src/adc.o
 .group         0x0000000000000000        0xc Peripherals/Src/adc.o
 .group         0x0000000000000000        0xc Peripherals/Src/adc.o
 .group         0x0000000000000000        0xc Peripherals/Src/adc.o
 .group         0x0000000000000000        0xc Peripherals/Src/adc.o
 .group         0x0000000000000000        0xc Peripherals/Src/adc.o
 .group         0x0000000000000000        0xc Peripherals/Src/adc.o
 .group         0x0000000000000000        0xc Peripherals/Src/adc.o
 .group         0x0000000000000000        0xc Peripherals/Src/adc.o
 .group         0x0000000000000000        0xc Peripherals/Src/adc.o
 .group         0x0000000000000000        0xc Peripherals/Src/adc.o
 .group         0x0000000000000000        0xc Peripherals/Src/adc.o
 .group         0x0000000000000000        0xc Peripherals/Src/adc.o
 .group         0x0000000000000000        0xc Peripherals/Src/adc.o
 .group         0x0000000000000000        0xc Peripherals/Src/adc.o
 .group         0x0000000000000000        0xc Peripherals/Src/adc.o
 .group         0x0000000000000000        0xc Peripherals/Src/adc.o
 .group         0x0000000000000000        0xc Peripherals/Src/adc.o
 .group         0x0000000000000000        0xc Peripherals/Src/adc.o
 .group         0x0000000000000000        0xc Peripherals/Src/adc.o
 .text          0x0000000000000000        0x0 Peripherals/Src/adc.o
 .data          0x0000000000000000        0x0 Peripherals/Src/adc.o
 .bss           0x0000000000000000        0x0 Peripherals/Src/adc.o
 .text.__NVIC_DisableIRQ
                0x0000000000000000       0x44 Peripherals/Src/adc.o
 .text.adc_Stop
                0x0000000000000000       0x24 Peripherals/Src/adc.o
 .text.adc_poll_For_End_of_Conservation
                0x0000000000000000       0x40 Peripherals/Src/adc.o
 .text.adc_disableEOC
                0x0000000000000000       0x20 Peripherals/Src/adc.o
 .debug_macro   0x0000000000000000      0xa54 Peripherals/Src/adc.o
 .debug_macro   0x0000000000000000       0x2e Peripherals/Src/adc.o
 .debug_macro   0x0000000000000000       0x22 Peripherals/Src/adc.o
 .debug_macro   0x0000000000000000       0x22 Peripherals/Src/adc.o
 .debug_macro   0x0000000000000000       0x8e Peripherals/Src/adc.o
 .debug_macro   0x0000000000000000       0x51 Peripherals/Src/adc.o
 .debug_macro   0x0000000000000000       0xef Peripherals/Src/adc.o
 .debug_macro   0x0000000000000000       0x6a Peripherals/Src/adc.o
 .debug_macro   0x0000000000000000      0x1df Peripherals/Src/adc.o
 .debug_macro   0x0000000000000000       0x1c Peripherals/Src/adc.o
 .debug_macro   0x0000000000000000       0x22 Peripherals/Src/adc.o
 .debug_macro   0x0000000000000000       0xc3 Peripherals/Src/adc.o
 .debug_macro   0x0000000000000000      0xd23 Peripherals/Src/adc.o
 .debug_macro   0x0000000000000000     0xe09e Peripherals/Src/adc.o
 .debug_macro   0x0000000000000000       0x6d Peripherals/Src/adc.o
 .debug_macro   0x0000000000000000       0x46 Peripherals/Src/adc.o
 .debug_macro   0x0000000000000000       0x18 Peripherals/Src/adc.o
 .debug_macro   0x0000000000000000       0x3c Peripherals/Src/adc.o
 .debug_macro   0x0000000000000000       0x34 Peripherals/Src/adc.o
 .debug_macro   0x0000000000000000       0x16 Peripherals/Src/adc.o
 .debug_macro   0x0000000000000000       0x97 Peripherals/Src/adc.o
 .debug_macro   0x0000000000000000      0x32a Peripherals/Src/adc.o
 .debug_macro   0x0000000000000000       0xfd Peripherals/Src/adc.o
 .debug_macro   0x0000000000000000       0x10 Peripherals/Src/adc.o
 .debug_macro   0x0000000000000000       0x52 Peripherals/Src/adc.o
 .debug_macro   0x0000000000000000       0x1f Peripherals/Src/adc.o
 .debug_macro   0x0000000000000000       0x43 Peripherals/Src/adc.o
 .debug_macro   0x0000000000000000       0x20 Peripherals/Src/adc.o
 .debug_macro   0x0000000000000000      0x1a3 Peripherals/Src/adc.o
 .debug_macro   0x0000000000000000       0x10 Peripherals/Src/adc.o
 .debug_macro   0x0000000000000000       0x1c Peripherals/Src/adc.o
 .debug_macro   0x0000000000000000       0x52 Peripherals/Src/adc.o
 .debug_macro   0x0000000000000000       0x40 Peripherals/Src/adc.o
 .debug_macro   0x0000000000000000       0x10 Peripherals/Src/adc.o
 .debug_macro   0x0000000000000000       0x40 Peripherals/Src/adc.o
 .debug_macro   0x0000000000000000       0xd7 Peripherals/Src/adc.o
 .debug_macro   0x0000000000000000       0x1c Peripherals/Src/adc.o
 .debug_macro   0x0000000000000000       0x3d Peripherals/Src/adc.o
 .debug_macro   0x0000000000000000       0x16 Peripherals/Src/adc.o
 .debug_macro   0x0000000000000000      0x145 Peripherals/Src/adc.o
 .debug_macro   0x0000000000000000       0x22 Peripherals/Src/adc.o
 .group         0x0000000000000000        0xc Peripherals/Src/gpio.o
 .group         0x0000000000000000        0xc Peripherals/Src/gpio.o
 .group         0x0000000000000000        0xc Peripherals/Src/gpio.o
 .group         0x0000000000000000        0xc Peripherals/Src/gpio.o
 .group         0x0000000000000000        0xc Peripherals/Src/gpio.o
 .group         0x0000000000000000        0xc Peripherals/Src/gpio.o
 .group         0x0000000000000000        0xc Peripherals/Src/gpio.o
 .group         0x0000000000000000        0xc Peripherals/Src/gpio.o
 .group         0x0000000000000000        0xc Peripherals/Src/gpio.o
 .group         0x0000000000000000        0xc Peripherals/Src/gpio.o
 .group         0x0000000000000000        0xc Peripherals/Src/gpio.o
 .group         0x0000000000000000        0xc Peripherals/Src/gpio.o
 .group         0x0000000000000000        0xc Peripherals/Src/gpio.o
 .group         0x0000000000000000        0xc Peripherals/Src/gpio.o
 .group         0x0000000000000000        0xc Peripherals/Src/gpio.o
 .group         0x0000000000000000        0xc Peripherals/Src/gpio.o
 .group         0x0000000000000000        0xc Peripherals/Src/gpio.o
 .group         0x0000000000000000        0xc Peripherals/Src/gpio.o
 .group         0x0000000000000000        0xc Peripherals/Src/gpio.o
 .group         0x0000000000000000        0xc Peripherals/Src/gpio.o
 .group         0x0000000000000000        0xc Peripherals/Src/gpio.o
 .group         0x0000000000000000        0xc Peripherals/Src/gpio.o
 .group         0x0000000000000000        0xc Peripherals/Src/gpio.o
 .group         0x0000000000000000        0xc Peripherals/Src/gpio.o
 .group         0x0000000000000000        0xc Peripherals/Src/gpio.o
 .group         0x0000000000000000        0xc Peripherals/Src/gpio.o
 .group         0x0000000000000000        0xc Peripherals/Src/gpio.o
 .group         0x0000000000000000        0xc Peripherals/Src/gpio.o
 .group         0x0000000000000000        0xc Peripherals/Src/gpio.o
 .group         0x0000000000000000        0xc Peripherals/Src/gpio.o
 .group         0x0000000000000000        0xc Peripherals/Src/gpio.o
 .group         0x0000000000000000        0xc Peripherals/Src/gpio.o
 .group         0x0000000000000000        0xc Peripherals/Src/gpio.o
 .group         0x0000000000000000        0xc Peripherals/Src/gpio.o
 .group         0x0000000000000000        0xc Peripherals/Src/gpio.o
 .group         0x0000000000000000        0xc Peripherals/Src/gpio.o
 .group         0x0000000000000000        0xc Peripherals/Src/gpio.o
 .group         0x0000000000000000        0xc Peripherals/Src/gpio.o
 .group         0x0000000000000000        0xc Peripherals/Src/gpio.o
 .group         0x0000000000000000        0xc Peripherals/Src/gpio.o
 .group         0x0000000000000000        0xc Peripherals/Src/gpio.o
 .text          0x0000000000000000        0x0 Peripherals/Src/gpio.o
 .data          0x0000000000000000        0x0 Peripherals/Src/gpio.o
 .bss           0x0000000000000000        0x0 Peripherals/Src/gpio.o
 .text.gpioC_toggle
                0x0000000000000000       0x2c Peripherals/Src/gpio.o
 .text.gpioC_ReadPin
                0x0000000000000000       0x30 Peripherals/Src/gpio.o
 .text.gpioA_config
                0x0000000000000000       0x50 Peripherals/Src/gpio.o
 .text.gpioA_WritePin
                0x0000000000000000       0x4c Peripherals/Src/gpio.o
 .text.gpioA_ReadPin
                0x0000000000000000       0x30 Peripherals/Src/gpio.o
 .debug_macro   0x0000000000000000      0xa54 Peripherals/Src/gpio.o
 .debug_macro   0x0000000000000000       0x2e Peripherals/Src/gpio.o
 .debug_macro   0x0000000000000000       0x22 Peripherals/Src/gpio.o
 .debug_macro   0x0000000000000000       0x22 Peripherals/Src/gpio.o
 .debug_macro   0x0000000000000000       0x8e Peripherals/Src/gpio.o
 .debug_macro   0x0000000000000000       0x51 Peripherals/Src/gpio.o
 .debug_macro   0x0000000000000000       0xef Peripherals/Src/gpio.o
 .debug_macro   0x0000000000000000       0x6a Peripherals/Src/gpio.o
 .debug_macro   0x0000000000000000      0x1df Peripherals/Src/gpio.o
 .debug_macro   0x0000000000000000       0x1c Peripherals/Src/gpio.o
 .debug_macro   0x0000000000000000       0x22 Peripherals/Src/gpio.o
 .debug_macro   0x0000000000000000       0xc3 Peripherals/Src/gpio.o
 .debug_macro   0x0000000000000000      0xd23 Peripherals/Src/gpio.o
 .debug_macro   0x0000000000000000     0xe09e Peripherals/Src/gpio.o
 .debug_macro   0x0000000000000000       0x6d Peripherals/Src/gpio.o
 .debug_macro   0x0000000000000000       0x46 Peripherals/Src/gpio.o
 .debug_macro   0x0000000000000000       0x18 Peripherals/Src/gpio.o
 .debug_macro   0x0000000000000000       0x3c Peripherals/Src/gpio.o
 .debug_macro   0x0000000000000000       0x34 Peripherals/Src/gpio.o
 .debug_macro   0x0000000000000000       0x16 Peripherals/Src/gpio.o
 .debug_macro   0x0000000000000000       0x97 Peripherals/Src/gpio.o
 .debug_macro   0x0000000000000000      0x32a Peripherals/Src/gpio.o
 .debug_macro   0x0000000000000000       0xfd Peripherals/Src/gpio.o
 .debug_macro   0x0000000000000000       0x10 Peripherals/Src/gpio.o
 .debug_macro   0x0000000000000000       0x52 Peripherals/Src/gpio.o
 .debug_macro   0x0000000000000000       0x1f Peripherals/Src/gpio.o
 .debug_macro   0x0000000000000000       0x43 Peripherals/Src/gpio.o
 .debug_macro   0x0000000000000000       0x20 Peripherals/Src/gpio.o
 .debug_macro   0x0000000000000000      0x1a3 Peripherals/Src/gpio.o
 .debug_macro   0x0000000000000000       0x10 Peripherals/Src/gpio.o
 .debug_macro   0x0000000000000000       0x1c Peripherals/Src/gpio.o
 .debug_macro   0x0000000000000000       0x52 Peripherals/Src/gpio.o
 .debug_macro   0x0000000000000000       0x40 Peripherals/Src/gpio.o
 .debug_macro   0x0000000000000000       0x10 Peripherals/Src/gpio.o
 .debug_macro   0x0000000000000000       0x40 Peripherals/Src/gpio.o
 .debug_macro   0x0000000000000000       0xd7 Peripherals/Src/gpio.o
 .debug_macro   0x0000000000000000       0x1c Peripherals/Src/gpio.o
 .debug_macro   0x0000000000000000       0x3d Peripherals/Src/gpio.o
 .debug_macro   0x0000000000000000       0x16 Peripherals/Src/gpio.o
 .debug_macro   0x0000000000000000      0x145 Peripherals/Src/gpio.o
 .debug_macro   0x0000000000000000       0x22 Peripherals/Src/gpio.o
 .group         0x0000000000000000        0xc Peripherals/Src/rcc.o
 .group         0x0000000000000000        0xc Peripherals/Src/rcc.o
 .group         0x0000000000000000        0xc Peripherals/Src/rcc.o
 .group         0x0000000000000000        0xc Peripherals/Src/rcc.o
 .group         0x0000000000000000        0xc Peripherals/Src/rcc.o
 .group         0x0000000000000000        0xc Peripherals/Src/rcc.o
 .group         0x0000000000000000        0xc Peripherals/Src/rcc.o
 .group         0x0000000000000000        0xc Peripherals/Src/rcc.o
 .group         0x0000000000000000        0xc Peripherals/Src/rcc.o
 .group         0x0000000000000000        0xc Peripherals/Src/rcc.o
 .group         0x0000000000000000        0xc Peripherals/Src/rcc.o
 .group         0x0000000000000000        0xc Peripherals/Src/rcc.o
 .group         0x0000000000000000        0xc Peripherals/Src/rcc.o
 .group         0x0000000000000000        0xc Peripherals/Src/rcc.o
 .group         0x0000000000000000        0xc Peripherals/Src/rcc.o
 .group         0x0000000000000000        0xc Peripherals/Src/rcc.o
 .group         0x0000000000000000        0xc Peripherals/Src/rcc.o
 .group         0x0000000000000000        0xc Peripherals/Src/rcc.o
 .group         0x0000000000000000        0xc Peripherals/Src/rcc.o
 .group         0x0000000000000000        0xc Peripherals/Src/rcc.o
 .group         0x0000000000000000        0xc Peripherals/Src/rcc.o
 .group         0x0000000000000000        0xc Peripherals/Src/rcc.o
 .group         0x0000000000000000        0xc Peripherals/Src/rcc.o
 .group         0x0000000000000000        0xc Peripherals/Src/rcc.o
 .group         0x0000000000000000        0xc Peripherals/Src/rcc.o
 .group         0x0000000000000000        0xc Peripherals/Src/rcc.o
 .group         0x0000000000000000        0xc Peripherals/Src/rcc.o
 .group         0x0000000000000000        0xc Peripherals/Src/rcc.o
 .group         0x0000000000000000        0xc Peripherals/Src/rcc.o
 .group         0x0000000000000000        0xc Peripherals/Src/rcc.o
 .group         0x0000000000000000        0xc Peripherals/Src/rcc.o
 .group         0x0000000000000000        0xc Peripherals/Src/rcc.o
 .group         0x0000000000000000        0xc Peripherals/Src/rcc.o
 .group         0x0000000000000000        0xc Peripherals/Src/rcc.o
 .group         0x0000000000000000        0xc Peripherals/Src/rcc.o
 .group         0x0000000000000000        0xc Peripherals/Src/rcc.o
 .group         0x0000000000000000        0xc Peripherals/Src/rcc.o
 .group         0x0000000000000000        0xc Peripherals/Src/rcc.o
 .group         0x0000000000000000        0xc Peripherals/Src/rcc.o
 .group         0x0000000000000000        0xc Peripherals/Src/rcc.o
 .group         0x0000000000000000        0xc Peripherals/Src/rcc.o
 .text          0x0000000000000000        0x0 Peripherals/Src/rcc.o
 .data          0x0000000000000000        0x0 Peripherals/Src/rcc.o
 .bss           0x0000000000000000        0x0 Peripherals/Src/rcc.o
 .debug_macro   0x0000000000000000      0xa54 Peripherals/Src/rcc.o
 .debug_macro   0x0000000000000000       0x2e Peripherals/Src/rcc.o
 .debug_macro   0x0000000000000000       0x22 Peripherals/Src/rcc.o
 .debug_macro   0x0000000000000000       0x22 Peripherals/Src/rcc.o
 .debug_macro   0x0000000000000000       0x8e Peripherals/Src/rcc.o
 .debug_macro   0x0000000000000000       0x51 Peripherals/Src/rcc.o
 .debug_macro   0x0000000000000000       0xef Peripherals/Src/rcc.o
 .debug_macro   0x0000000000000000       0x6a Peripherals/Src/rcc.o
 .debug_macro   0x0000000000000000      0x1df Peripherals/Src/rcc.o
 .debug_macro   0x0000000000000000       0x1c Peripherals/Src/rcc.o
 .debug_macro   0x0000000000000000       0x22 Peripherals/Src/rcc.o
 .debug_macro   0x0000000000000000       0xc3 Peripherals/Src/rcc.o
 .debug_macro   0x0000000000000000      0xd23 Peripherals/Src/rcc.o
 .debug_macro   0x0000000000000000     0xe09e Peripherals/Src/rcc.o
 .debug_macro   0x0000000000000000       0x6d Peripherals/Src/rcc.o
 .debug_macro   0x0000000000000000       0x46 Peripherals/Src/rcc.o
 .debug_macro   0x0000000000000000       0x18 Peripherals/Src/rcc.o
 .debug_macro   0x0000000000000000       0x3c Peripherals/Src/rcc.o
 .debug_macro   0x0000000000000000       0x34 Peripherals/Src/rcc.o
 .debug_macro   0x0000000000000000       0x16 Peripherals/Src/rcc.o
 .debug_macro   0x0000000000000000       0x97 Peripherals/Src/rcc.o
 .debug_macro   0x0000000000000000      0x32a Peripherals/Src/rcc.o
 .debug_macro   0x0000000000000000       0xfd Peripherals/Src/rcc.o
 .debug_macro   0x0000000000000000       0x10 Peripherals/Src/rcc.o
 .debug_macro   0x0000000000000000       0x52 Peripherals/Src/rcc.o
 .debug_macro   0x0000000000000000       0x1f Peripherals/Src/rcc.o
 .debug_macro   0x0000000000000000       0x43 Peripherals/Src/rcc.o
 .debug_macro   0x0000000000000000       0x20 Peripherals/Src/rcc.o
 .debug_macro   0x0000000000000000      0x1a3 Peripherals/Src/rcc.o
 .debug_macro   0x0000000000000000       0x10 Peripherals/Src/rcc.o
 .debug_macro   0x0000000000000000       0x1c Peripherals/Src/rcc.o
 .debug_macro   0x0000000000000000       0x52 Peripherals/Src/rcc.o
 .debug_macro   0x0000000000000000       0x40 Peripherals/Src/rcc.o
 .debug_macro   0x0000000000000000       0x10 Peripherals/Src/rcc.o
 .debug_macro   0x0000000000000000       0x40 Peripherals/Src/rcc.o
 .debug_macro   0x0000000000000000       0xd7 Peripherals/Src/rcc.o
 .debug_macro   0x0000000000000000       0x1c Peripherals/Src/rcc.o
 .debug_macro   0x0000000000000000       0x3d Peripherals/Src/rcc.o
 .debug_macro   0x0000000000000000       0x16 Peripherals/Src/rcc.o
 .debug_macro   0x0000000000000000      0x145 Peripherals/Src/rcc.o
 .debug_macro   0x0000000000000000       0x22 Peripherals/Src/rcc.o
 .group         0x0000000000000000        0xc Peripherals/Src/uart.o
 .group         0x0000000000000000        0xc Peripherals/Src/uart.o
 .group         0x0000000000000000        0xc Peripherals/Src/uart.o
 .group         0x0000000000000000        0xc Peripherals/Src/uart.o
 .group         0x0000000000000000        0xc Peripherals/Src/uart.o
 .group         0x0000000000000000        0xc Peripherals/Src/uart.o
 .group         0x0000000000000000        0xc Peripherals/Src/uart.o
 .group         0x0000000000000000        0xc Peripherals/Src/uart.o
 .group         0x0000000000000000        0xc Peripherals/Src/uart.o
 .group         0x0000000000000000        0xc Peripherals/Src/uart.o
 .group         0x0000000000000000        0xc Peripherals/Src/uart.o
 .group         0x0000000000000000        0xc Peripherals/Src/uart.o
 .group         0x0000000000000000        0xc Peripherals/Src/uart.o
 .group         0x0000000000000000        0xc Peripherals/Src/uart.o
 .group         0x0000000000000000        0xc Peripherals/Src/uart.o
 .group         0x0000000000000000        0xc Peripherals/Src/uart.o
 .group         0x0000000000000000        0xc Peripherals/Src/uart.o
 .group         0x0000000000000000        0xc Peripherals/Src/uart.o
 .group         0x0000000000000000        0xc Peripherals/Src/uart.o
 .group         0x0000000000000000        0xc Peripherals/Src/uart.o
 .group         0x0000000000000000        0xc Peripherals/Src/uart.o
 .group         0x0000000000000000        0xc Peripherals/Src/uart.o
 .group         0x0000000000000000        0xc Peripherals/Src/uart.o
 .group         0x0000000000000000        0xc Peripherals/Src/uart.o
 .group         0x0000000000000000        0xc Peripherals/Src/uart.o
 .group         0x0000000000000000        0xc Peripherals/Src/uart.o
 .group         0x0000000000000000        0xc Peripherals/Src/uart.o
 .group         0x0000000000000000        0xc Peripherals/Src/uart.o
 .group         0x0000000000000000        0xc Peripherals/Src/uart.o
 .group         0x0000000000000000        0xc Peripherals/Src/uart.o
 .group         0x0000000000000000        0xc Peripherals/Src/uart.o
 .group         0x0000000000000000        0xc Peripherals/Src/uart.o
 .group         0x0000000000000000        0xc Peripherals/Src/uart.o
 .group         0x0000000000000000        0xc Peripherals/Src/uart.o
 .group         0x0000000000000000        0xc Peripherals/Src/uart.o
 .group         0x0000000000000000        0xc Peripherals/Src/uart.o
 .group         0x0000000000000000        0xc Peripherals/Src/uart.o
 .group         0x0000000000000000        0xc Peripherals/Src/uart.o
 .group         0x0000000000000000        0xc Peripherals/Src/uart.o
 .group         0x0000000000000000        0xc Peripherals/Src/uart.o
 .group         0x0000000000000000        0xc Peripherals/Src/uart.o
 .text          0x0000000000000000        0x0 Peripherals/Src/uart.o
 .data          0x0000000000000000        0x0 Peripherals/Src/uart.o
 .bss           0x0000000000000000        0x0 Peripherals/Src/uart.o
 .debug_macro   0x0000000000000000      0xa54 Peripherals/Src/uart.o
 .debug_macro   0x0000000000000000       0x2e Peripherals/Src/uart.o
 .debug_macro   0x0000000000000000       0x22 Peripherals/Src/uart.o
 .debug_macro   0x0000000000000000       0x22 Peripherals/Src/uart.o
 .debug_macro   0x0000000000000000       0x8e Peripherals/Src/uart.o
 .debug_macro   0x0000000000000000       0x51 Peripherals/Src/uart.o
 .debug_macro   0x0000000000000000       0xef Peripherals/Src/uart.o
 .debug_macro   0x0000000000000000       0x6a Peripherals/Src/uart.o
 .debug_macro   0x0000000000000000      0x1df Peripherals/Src/uart.o
 .debug_macro   0x0000000000000000       0x1c Peripherals/Src/uart.o
 .debug_macro   0x0000000000000000       0x22 Peripherals/Src/uart.o
 .debug_macro   0x0000000000000000       0xc3 Peripherals/Src/uart.o
 .debug_macro   0x0000000000000000      0xd23 Peripherals/Src/uart.o
 .debug_macro   0x0000000000000000     0xe09e Peripherals/Src/uart.o
 .debug_macro   0x0000000000000000       0x6d Peripherals/Src/uart.o
 .debug_macro   0x0000000000000000       0x46 Peripherals/Src/uart.o
 .debug_macro   0x0000000000000000       0x18 Peripherals/Src/uart.o
 .debug_macro   0x0000000000000000       0x3c Peripherals/Src/uart.o
 .debug_macro   0x0000000000000000       0x34 Peripherals/Src/uart.o
 .debug_macro   0x0000000000000000       0x16 Peripherals/Src/uart.o
 .debug_macro   0x0000000000000000       0x97 Peripherals/Src/uart.o
 .debug_macro   0x0000000000000000      0x32a Peripherals/Src/uart.o
 .debug_macro   0x0000000000000000       0xfd Peripherals/Src/uart.o
 .debug_macro   0x0000000000000000       0x10 Peripherals/Src/uart.o
 .debug_macro   0x0000000000000000       0x52 Peripherals/Src/uart.o
 .debug_macro   0x0000000000000000       0x1f Peripherals/Src/uart.o
 .debug_macro   0x0000000000000000       0x43 Peripherals/Src/uart.o
 .debug_macro   0x0000000000000000       0x20 Peripherals/Src/uart.o
 .debug_macro   0x0000000000000000      0x1a3 Peripherals/Src/uart.o
 .debug_macro   0x0000000000000000       0x10 Peripherals/Src/uart.o
 .debug_macro   0x0000000000000000       0x1c Peripherals/Src/uart.o
 .debug_macro   0x0000000000000000       0x52 Peripherals/Src/uart.o
 .debug_macro   0x0000000000000000       0x40 Peripherals/Src/uart.o
 .debug_macro   0x0000000000000000       0x10 Peripherals/Src/uart.o
 .debug_macro   0x0000000000000000       0x40 Peripherals/Src/uart.o
 .debug_macro   0x0000000000000000       0xd7 Peripherals/Src/uart.o
 .debug_macro   0x0000000000000000       0x1c Peripherals/Src/uart.o
 .debug_macro   0x0000000000000000       0x3d Peripherals/Src/uart.o
 .debug_macro   0x0000000000000000       0x16 Peripherals/Src/uart.o
 .debug_macro   0x0000000000000000      0x145 Peripherals/Src/uart.o
 .debug_macro   0x0000000000000000       0x22 Peripherals/Src/uart.o
 .text          0x0000000000000000       0x14 Startup/startup_stm32f103xb.o
 .data          0x0000000000000000        0x0 Startup/startup_stm32f103xb.o
 .bss           0x0000000000000000        0x0 Startup/startup_stm32f103xb.o
 .text          0x0000000000000000        0x0 c:/st/stm32cubeide_1.5.0/stm32cubeide/plugins/com.st.stm32cube.ide.mcu.externaltools.gnu-tools-for-stm32.7-2018-q2-update.win32_1.5.0.202011040924/tools/bin/../lib/gcc/arm-none-eabi/7.3.1/../../../../arm-none-eabi/lib/thumb/v7-m\libc_nano.a(lib_a-exit.o)
 .data          0x0000000000000000        0x0 c:/st/stm32cubeide_1.5.0/stm32cubeide/plugins/com.st.stm32cube.ide.mcu.externaltools.gnu-tools-for-stm32.7-2018-q2-update.win32_1.5.0.202011040924/tools/bin/../lib/gcc/arm-none-eabi/7.3.1/../../../../arm-none-eabi/lib/thumb/v7-m\libc_nano.a(lib_a-exit.o)
 .bss           0x0000000000000000        0x0 c:/st/stm32cubeide_1.5.0/stm32cubeide/plugins/com.st.stm32cube.ide.mcu.externaltools.gnu-tools-for-stm32.7-2018-q2-update.win32_1.5.0.202011040924/tools/bin/../lib/gcc/arm-none-eabi/7.3.1/../../../../arm-none-eabi/lib/thumb/v7-m\libc_nano.a(lib_a-exit.o)
 .text.exit     0x0000000000000000       0x28 c:/st/stm32cubeide_1.5.0/stm32cubeide/plugins/com.st.stm32cube.ide.mcu.externaltools.gnu-tools-for-stm32.7-2018-q2-update.win32_1.5.0.202011040924/tools/bin/../lib/gcc/arm-none-eabi/7.3.1/../../../../arm-none-eabi/lib/thumb/v7-m\libc_nano.a(lib_a-exit.o)
 .debug_frame   0x0000000000000000       0x28 c:/st/stm32cubeide_1.5.0/stm32cubeide/plugins/com.st.stm32cube.ide.mcu.externaltools.gnu-tools-for-stm32.7-2018-q2-update.win32_1.5.0.202011040924/tools/bin/../lib/gcc/arm-none-eabi/7.3.1/../../../../arm-none-eabi/lib/thumb/v7-m\libc_nano.a(lib_a-exit.o)
 .ARM.attributes
                0x0000000000000000       0x2d c:/st/stm32cubeide_1.5.0/stm32cubeide/plugins/com.st.stm32cube.ide.mcu.externaltools.gnu-tools-for-stm32.7-2018-q2-update.win32_1.5.0.202011040924/tools/bin/../lib/gcc/arm-none-eabi/7.3.1/../../../../arm-none-eabi/lib/thumb/v7-m\libc_nano.a(lib_a-exit.o)
 .text          0x0000000000000000        0x0 c:/st/stm32cubeide_1.5.0/stm32cubeide/plugins/com.st.stm32cube.ide.mcu.externaltools.gnu-tools-for-stm32.7-2018-q2-update.win32_1.5.0.202011040924/tools/bin/../lib/gcc/arm-none-eabi/7.3.1/../../../../arm-none-eabi/lib/thumb/v7-m\libc_nano.a(lib_a-impure.o)
 .data          0x0000000000000000        0x0 c:/st/stm32cubeide_1.5.0/stm32cubeide/plugins/com.st.stm32cube.ide.mcu.externaltools.gnu-tools-for-stm32.7-2018-q2-update.win32_1.5.0.202011040924/tools/bin/../lib/gcc/arm-none-eabi/7.3.1/../../../../arm-none-eabi/lib/thumb/v7-m\libc_nano.a(lib_a-impure.o)
 .bss           0x0000000000000000        0x0 c:/st/stm32cubeide_1.5.0/stm32cubeide/plugins/com.st.stm32cube.ide.mcu.externaltools.gnu-tools-for-stm32.7-2018-q2-update.win32_1.5.0.202011040924/tools/bin/../lib/gcc/arm-none-eabi/7.3.1/../../../../arm-none-eabi/lib/thumb/v7-m\libc_nano.a(lib_a-impure.o)
 .data._impure_ptr
                0x0000000000000000        0x4 c:/st/stm32cubeide_1.5.0/stm32cubeide/plugins/com.st.stm32cube.ide.mcu.externaltools.gnu-tools-for-stm32.7-2018-q2-update.win32_1.5.0.202011040924/tools/bin/../lib/gcc/arm-none-eabi/7.3.1/../../../../arm-none-eabi/lib/thumb/v7-m\libc_nano.a(lib_a-impure.o)
 .data.impure_data
                0x0000000000000000       0x60 c:/st/stm32cubeide_1.5.0/stm32cubeide/plugins/com.st.stm32cube.ide.mcu.externaltools.gnu-tools-for-stm32.7-2018-q2-update.win32_1.5.0.202011040924/tools/bin/../lib/gcc/arm-none-eabi/7.3.1/../../../../arm-none-eabi/lib/thumb/v7-m\libc_nano.a(lib_a-impure.o)
 .rodata._global_impure_ptr
                0x0000000000000000        0x4 c:/st/stm32cubeide_1.5.0/stm32cubeide/plugins/com.st.stm32cube.ide.mcu.externaltools.gnu-tools-for-stm32.7-2018-q2-update.win32_1.5.0.202011040924/tools/bin/../lib/gcc/arm-none-eabi/7.3.1/../../../../arm-none-eabi/lib/thumb/v7-m\libc_nano.a(lib_a-impure.o)
 .ARM.attributes
                0x0000000000000000       0x2d c:/st/stm32cubeide_1.5.0/stm32cubeide/plugins/com.st.stm32cube.ide.mcu.externaltools.gnu-tools-for-stm32.7-2018-q2-update.win32_1.5.0.202011040924/tools/bin/../lib/gcc/arm-none-eabi/7.3.1/../../../../arm-none-eabi/lib/thumb/v7-m\libc_nano.a(lib_a-impure.o)
 .text          0x0000000000000000        0x0 c:/st/stm32cubeide_1.5.0/stm32cubeide/plugins/com.st.stm32cube.ide.mcu.externaltools.gnu-tools-for-stm32.7-2018-q2-update.win32_1.5.0.202011040924/tools/bin/../lib/gcc/arm-none-eabi/7.3.1/../../../../arm-none-eabi/lib/thumb/v7-m\libc_nano.a(lib_a-init.o)
 .data          0x0000000000000000        0x0 c:/st/stm32cubeide_1.5.0/stm32cubeide/plugins/com.st.stm32cube.ide.mcu.externaltools.gnu-tools-for-stm32.7-2018-q2-update.win32_1.5.0.202011040924/tools/bin/../lib/gcc/arm-none-eabi/7.3.1/../../../../arm-none-eabi/lib/thumb/v7-m\libc_nano.a(lib_a-init.o)
 .bss           0x0000000000000000        0x0 c:/st/stm32cubeide_1.5.0/stm32cubeide/plugins/com.st.stm32cube.ide.mcu.externaltools.gnu-tools-for-stm32.7-2018-q2-update.win32_1.5.0.202011040924/tools/bin/../lib/gcc/arm-none-eabi/7.3.1/../../../../arm-none-eabi/lib/thumb/v7-m\libc_nano.a(lib_a-init.o)
 .text          0x0000000000000000        0x0 c:/st/stm32cubeide_1.5.0/stm32cubeide/plugins/com.st.stm32cube.ide.mcu.externaltools.gnu-tools-for-stm32.7-2018-q2-update.win32_1.5.0.202011040924/tools/bin/../lib/gcc/arm-none-eabi/7.3.1/../../../../arm-none-eabi/lib/thumb/v7-m\libc_nano.a(lib_a-memset.o)
 .data          0x0000000000000000        0x0 c:/st/stm32cubeide_1.5.0/stm32cubeide/plugins/com.st.stm32cube.ide.mcu.externaltools.gnu-tools-for-stm32.7-2018-q2-update.win32_1.5.0.202011040924/tools/bin/../lib/gcc/arm-none-eabi/7.3.1/../../../../arm-none-eabi/lib/thumb/v7-m\libc_nano.a(lib_a-memset.o)
 .bss           0x0000000000000000        0x0 c:/st/stm32cubeide_1.5.0/stm32cubeide/plugins/com.st.stm32cube.ide.mcu.externaltools.gnu-tools-for-stm32.7-2018-q2-update.win32_1.5.0.202011040924/tools/bin/../lib/gcc/arm-none-eabi/7.3.1/../../../../arm-none-eabi/lib/thumb/v7-m\libc_nano.a(lib_a-memset.o)
 .text.memset   0x0000000000000000       0x10 c:/st/stm32cubeide_1.5.0/stm32cubeide/plugins/com.st.stm32cube.ide.mcu.externaltools.gnu-tools-for-stm32.7-2018-q2-update.win32_1.5.0.202011040924/tools/bin/../lib/gcc/arm-none-eabi/7.3.1/../../../../arm-none-eabi/lib/thumb/v7-m\libc_nano.a(lib_a-memset.o)
 .debug_frame   0x0000000000000000       0x20 c:/st/stm32cubeide_1.5.0/stm32cubeide/plugins/com.st.stm32cube.ide.mcu.externaltools.gnu-tools-for-stm32.7-2018-q2-update.win32_1.5.0.202011040924/tools/bin/../lib/gcc/arm-none-eabi/7.3.1/../../../../arm-none-eabi/lib/thumb/v7-m\libc_nano.a(lib_a-memset.o)
 .ARM.attributes
                0x0000000000000000       0x2d c:/st/stm32cubeide_1.5.0/stm32cubeide/plugins/com.st.stm32cube.ide.mcu.externaltools.gnu-tools-for-stm32.7-2018-q2-update.win32_1.5.0.202011040924/tools/bin/../lib/gcc/arm-none-eabi/7.3.1/../../../../arm-none-eabi/lib/thumb/v7-m\libc_nano.a(lib_a-memset.o)
 .data          0x0000000000000000        0x0 c:/st/stm32cubeide_1.5.0/stm32cubeide/plugins/com.st.stm32cube.ide.mcu.externaltools.gnu-tools-for-stm32.7-2018-q2-update.win32_1.5.0.202011040924/tools/bin/../lib/gcc/arm-none-eabi/7.3.1/thumb/v7-m\libgcc.a(_arm_addsubsf3.o)
 .bss           0x0000000000000000        0x0 c:/st/stm32cubeide_1.5.0/stm32cubeide/plugins/com.st.stm32cube.ide.mcu.externaltools.gnu-tools-for-stm32.7-2018-q2-update.win32_1.5.0.202011040924/tools/bin/../lib/gcc/arm-none-eabi/7.3.1/thumb/v7-m\libgcc.a(_arm_addsubsf3.o)
 .data          0x0000000000000000        0x0 c:/st/stm32cubeide_1.5.0/stm32cubeide/plugins/com.st.stm32cube.ide.mcu.externaltools.gnu-tools-for-stm32.7-2018-q2-update.win32_1.5.0.202011040924/tools/bin/../lib/gcc/arm-none-eabi/7.3.1/thumb/v7-m\libgcc.a(_arm_muldivsf3.o)
 .bss           0x0000000000000000        0x0 c:/st/stm32cubeide_1.5.0/stm32cubeide/plugins/com.st.stm32cube.ide.mcu.externaltools.gnu-tools-for-stm32.7-2018-q2-update.win32_1.5.0.202011040924/tools/bin/../lib/gcc/arm-none-eabi/7.3.1/thumb/v7-m\libgcc.a(_arm_muldivsf3.o)
 .data          0x0000000000000000        0x0 c:/st/stm32cubeide_1.5.0/stm32cubeide/plugins/com.st.stm32cube.ide.mcu.externaltools.gnu-tools-for-stm32.7-2018-q2-update.win32_1.5.0.202011040924/tools/bin/../lib/gcc/arm-none-eabi/7.3.1/thumb/v7-m\libgcc.a(_arm_fixunssfsi.o)
 .bss           0x0000000000000000        0x0 c:/st/stm32cubeide_1.5.0/stm32cubeide/plugins/com.st.stm32cube.ide.mcu.externaltools.gnu-tools-for-stm32.7-2018-q2-update.win32_1.5.0.202011040924/tools/bin/../lib/gcc/arm-none-eabi/7.3.1/thumb/v7-m\libgcc.a(_arm_fixunssfsi.o)
 .text          0x0000000000000000        0x0 c:/st/stm32cubeide_1.5.0/stm32cubeide/plugins/com.st.stm32cube.ide.mcu.externaltools.gnu-tools-for-stm32.7-2018-q2-update.win32_1.5.0.202011040924/tools/bin/../lib/gcc/arm-none-eabi/7.3.1/../../../../arm-none-eabi/lib/thumb/v7-m\libnosys.a(_exit.o)
 .data          0x0000000000000000        0x0 c:/st/stm32cubeide_1.5.0/stm32cubeide/plugins/com.st.stm32cube.ide.mcu.externaltools.gnu-tools-for-stm32.7-2018-q2-update.win32_1.5.0.202011040924/tools/bin/../lib/gcc/arm-none-eabi/7.3.1/../../../../arm-none-eabi/lib/thumb/v7-m\libnosys.a(_exit.o)
 .bss           0x0000000000000000        0x0 c:/st/stm32cubeide_1.5.0/stm32cubeide/plugins/com.st.stm32cube.ide.mcu.externaltools.gnu-tools-for-stm32.7-2018-q2-update.win32_1.5.0.202011040924/tools/bin/../lib/gcc/arm-none-eabi/7.3.1/../../../../arm-none-eabi/lib/thumb/v7-m\libnosys.a(_exit.o)
 .text._exit    0x0000000000000000        0x2 c:/st/stm32cubeide_1.5.0/stm32cubeide/plugins/com.st.stm32cube.ide.mcu.externaltools.gnu-tools-for-stm32.7-2018-q2-update.win32_1.5.0.202011040924/tools/bin/../lib/gcc/arm-none-eabi/7.3.1/../../../../arm-none-eabi/lib/thumb/v7-m\libnosys.a(_exit.o)
 .debug_frame   0x0000000000000000       0x20 c:/st/stm32cubeide_1.5.0/stm32cubeide/plugins/com.st.stm32cube.ide.mcu.externaltools.gnu-tools-for-stm32.7-2018-q2-update.win32_1.5.0.202011040924/tools/bin/../lib/gcc/arm-none-eabi/7.3.1/../../../../arm-none-eabi/lib/thumb/v7-m\libnosys.a(_exit.o)
 .ARM.attributes
                0x0000000000000000       0x2d c:/st/stm32cubeide_1.5.0/stm32cubeide/plugins/com.st.stm32cube.ide.mcu.externaltools.gnu-tools-for-stm32.7-2018-q2-update.win32_1.5.0.202011040924/tools/bin/../lib/gcc/arm-none-eabi/7.3.1/../../../../arm-none-eabi/lib/thumb/v7-m\libnosys.a(_exit.o)
 .text          0x0000000000000000        0x0 c:/st/stm32cubeide_1.5.0/stm32cubeide/plugins/com.st.stm32cube.ide.mcu.externaltools.gnu-tools-for-stm32.7-2018-q2-update.win32_1.5.0.202011040924/tools/bin/../lib/gcc/arm-none-eabi/7.3.1/thumb/v7-m/crtend.o
 .data          0x0000000000000000        0x0 c:/st/stm32cubeide_1.5.0/stm32cubeide/plugins/com.st.stm32cube.ide.mcu.externaltools.gnu-tools-for-stm32.7-2018-q2-update.win32_1.5.0.202011040924/tools/bin/../lib/gcc/arm-none-eabi/7.3.1/thumb/v7-m/crtend.o
 .bss           0x0000000000000000        0x0 c:/st/stm32cubeide_1.5.0/stm32cubeide/plugins/com.st.stm32cube.ide.mcu.externaltools.gnu-tools-for-stm32.7-2018-q2-update.win32_1.5.0.202011040924/tools/bin/../lib/gcc/arm-none-eabi/7.3.1/thumb/v7-m/crtend.o
 .eh_frame      0x0000000000000000        0x4 c:/st/stm32cubeide_1.5.0/stm32cubeide/plugins/com.st.stm32cube.ide.mcu.externaltools.gnu-tools-for-stm32.7-2018-q2-update.win32_1.5.0.202011040924/tools/bin/../lib/gcc/arm-none-eabi/7.3.1/thumb/v7-m/crtend.o
 .ARM.attributes
                0x0000000000000000       0x2d c:/st/stm32cubeide_1.5.0/stm32cubeide/plugins/com.st.stm32cube.ide.mcu.externaltools.gnu-tools-for-stm32.7-2018-q2-update.win32_1.5.0.202011040924/tools/bin/../lib/gcc/arm-none-eabi/7.3.1/thumb/v7-m/crtend.o
 .text          0x0000000000000000        0x0 c:/st/stm32cubeide_1.5.0/stm32cubeide/plugins/com.st.stm32cube.ide.mcu.externaltools.gnu-tools-for-stm32.7-2018-q2-update.win32_1.5.0.202011040924/tools/bin/../lib/gcc/arm-none-eabi/7.3.1/thumb/v7-m/crtn.o
 .data          0x0000000000000000        0x0 c:/st/stm32cubeide_1.5.0/stm32cubeide/plugins/com.st.stm32cube.ide.mcu.externaltools.gnu-tools-for-stm32.7-2018-q2-update.win32_1.5.0.202011040924/tools/bin/../lib/gcc/arm-none-eabi/7.3.1/thumb/v7-m/crtn.o
 .bss           0x0000000000000000        0x0 c:/st/stm32cubeide_1.5.0/stm32cubeide/plugins/com.st.stm32cube.ide.mcu.externaltools.gnu-tools-for-stm32.7-2018-q2-update.win32_1.5.0.202011040924/tools/bin/../lib/gcc/arm-none-eabi/7.3.1/thumb/v7-m/crtn.o

Memory Configuration

Name             Origin             Length             Attributes
RAM              0x0000000020000000 0x0000000000005000 xrw
FLASH            0x0000000008000000 0x0000000000010000 xr
*default*        0x0000000000000000 0xffffffffffffffff

Linker script and memory map

LOAD c:/st/stm32cubeide_1.5.0/stm32cubeide/plugins/com.st.stm32cube.ide.mcu.externaltools.gnu-tools-for-stm32.7-2018-q2-update.win32_1.5.0.202011040924/tools/bin/../lib/gcc/arm-none-eabi/7.3.1/thumb/v7-m/crti.o
LOAD c:/st/stm32cubeide_1.5.0/stm32cubeide/plugins/com.st.stm32cube.ide.mcu.externaltools.gnu-tools-for-stm32.7-2018-q2-update.win32_1.5.0.202011040924/tools/bin/../lib/gcc/arm-none-eabi/7.3.1/thumb/v7-m/crtbegin.o
LOAD c:/st/stm32cubeide_1.5.0/stm32cubeide/plugins/com.st.stm32cube.ide.mcu.externaltools.gnu-tools-for-stm32.7-2018-q2-update.win32_1.5.0.202011040924/tools/bin/../lib/gcc/arm-none-eabi/7.3.1/../../../../arm-none-eabi/lib/thumb/v7-m/crt0.o
LOAD Core/Src/main.o
LOAD Core/Src/system_stm32f1xx.o
LOAD Peripherals/Src/adc.o
LOAD Peripherals/Src/gpio.o
LOAD Peripherals/Src/rcc.o
LOAD Peripherals/Src/uart.o
LOAD Startup/startup_stm32f103xb.o
START GROUP
LOAD c:/st/stm32cubeide_1.5.0/stm32cubeide/plugins/com.st.stm32cube.ide.mcu.externaltools.gnu-tools-for-stm32.7-2018-q2-update.win32_1.5.0.202011040924/tools/bin/../lib/gcc/arm-none-eabi/7.3.1/../../../../arm-none-eabi/lib/thumb/v7-m\libc_nano.a
LOAD c:/st/stm32cubeide_1.5.0/stm32cubeide/plugins/com.st.stm32cube.ide.mcu.externaltools.gnu-tools-for-stm32.7-2018-q2-update.win32_1.5.0.202011040924/tools/bin/../lib/gcc/arm-none-eabi/7.3.1/../../../../arm-none-eabi/lib/thumb/v7-m\libm.a
END GROUP
START GROUP
LOAD c:/st/stm32cubeide_1.5.0/stm32cubeide/plugins/com.st.stm32cube.ide.mcu.externaltools.gnu-tools-for-stm32.7-2018-q2-update.win32_1.5.0.202011040924/tools/bin/../lib/gcc/arm-none-eabi/7.3.1/thumb/v7-m\libgcc.a
LOAD c:/st/stm32cubeide_1.5.0/stm32cubeide/plugins/com.st.stm32cube.ide.mcu.externaltools.gnu-tools-for-stm32.7-2018-q2-update.win32_1.5.0.202011040924/tools/bin/../lib/gcc/arm-none-eabi/7.3.1/../../../../arm-none-eabi/lib/thumb/v7-m\libc_nano.a
END GROUP
START GROUP
LOAD c:/st/stm32cubeide_1.5.0/stm32cubeide/plugins/com.st.stm32cube.ide.mcu.externaltools.gnu-tools-for-stm32.7-2018-q2-update.win32_1.5.0.202011040924/tools/bin/../lib/gcc/arm-none-eabi/7.3.1/thumb/v7-m\libgcc.a
LOAD c:/st/stm32cubeide_1.5.0/stm32cubeide/plugins/com.st.stm32cube.ide.mcu.externaltools.gnu-tools-for-stm32.7-2018-q2-update.win32_1.5.0.202011040924/tools/bin/../lib/gcc/arm-none-eabi/7.3.1/../../../../arm-none-eabi/lib/thumb/v7-m\libc_nano.a
LOAD c:/st/stm32cubeide_1.5.0/stm32cubeide/plugins/com.st.stm32cube.ide.mcu.externaltools.gnu-tools-for-stm32.7-2018-q2-update.win32_1.5.0.202011040924/tools/bin/../lib/gcc/arm-none-eabi/7.3.1/../../../../arm-none-eabi/lib/thumb/v7-m\libnosys.a
END GROUP
START GROUP
LOAD c:/st/stm32cubeide_1.5.0/stm32cubeide/plugins/com.st.stm32cube.ide.mcu.externaltools.gnu-tools-for-stm32.7-2018-q2-update.win32_1.5.0.202011040924/tools/bin/../lib/gcc/arm-none-eabi/7.3.1/thumb/v7-m\libgcc.a
LOAD c:/st/stm32cubeide_1.5.0/stm32cubeide/plugins/com.st.stm32cube.ide.mcu.externaltools.gnu-tools-for-stm32.7-2018-q2-update.win32_1.5.0.202011040924/tools/bin/../lib/gcc/arm-none-eabi/7.3.1/../../../../arm-none-eabi/lib/thumb/v7-m\libc_nano.a
LOAD c:/st/stm32cubeide_1.5.0/stm32cubeide/plugins/com.st.stm32cube.ide.mcu.externaltools.gnu-tools-for-stm32.7-2018-q2-update.win32_1.5.0.202011040924/tools/bin/../lib/gcc/arm-none-eabi/7.3.1/../../../../arm-none-eabi/lib/thumb/v7-m\libnosys.a
END GROUP
LOAD c:/st/stm32cubeide_1.5.0/stm32cubeide/plugins/com.st.stm32cube.ide.mcu.externaltools.gnu-tools-for-stm32.7-2018-q2-update.win32_1.5.0.202011040924/tools/bin/../lib/gcc/arm-none-eabi/7.3.1/thumb/v7-m/crtend.o
LOAD c:/st/stm32cubeide_1.5.0/stm32cubeide/plugins/com.st.stm32cube.ide.mcu.externaltools.gnu-tools-for-stm32.7-2018-q2-update.win32_1.5.0.202011040924/tools/bin/../lib/gcc/arm-none-eabi/7.3.1/thumb/v7-m/crtn.o
                0x0000000020005000                _estack = (ORIGIN (RAM) + LENGTH (RAM))
                0x0000000000000200                _Min_Heap_Size = 0x200
                0x0000000000000400                _Min_Stack_Size = 0x400

.isr_vector     0x0000000008000000      0x10c
                0x0000000008000000                . = ALIGN (0x4)
 *(.isr_vector)
 .isr_vector    0x0000000008000000      0x10c Startup/startup_stm32f103xb.o
                0x0000000008000000                g_pfnVectors
                0x000000000800010c                . = ALIGN (0x4)

.text           0x000000000800010c      0xd80
                0x000000000800010c                . = ALIGN (0x4)
 *(.text)
 .text          0x000000000800010c       0x40 c:/st/stm32cubeide_1.5.0/stm32cubeide/plugins/com.st.stm32cube.ide.mcu.externaltools.gnu-tools-for-stm32.7-2018-q2-update.win32_1.5.0.202011040924/tools/bin/../lib/gcc/arm-none-eabi/7.3.1/thumb/v7-m/crtbegin.o
 .text          0x000000000800014c      0x21c c:/st/stm32cubeide_1.5.0/stm32cubeide/plugins/com.st.stm32cube.ide.mcu.externaltools.gnu-tools-for-stm32.7-2018-q2-update.win32_1.5.0.202011040924/tools/bin/../lib/gcc/arm-none-eabi/7.3.1/thumb/v7-m\libgcc.a(_arm_addsubsf3.o)
                0x000000000800014c                __aeabi_frsub
                0x0000000008000154                __subsf3
                0x0000000008000154                __aeabi_fsub
                0x0000000008000158                __aeabi_fadd
                0x0000000008000158                __addsf3
                0x00000000080002b8                __aeabi_ui2f
                0x00000000080002b8                __floatunsisf
                0x00000000080002c0                __aeabi_i2f
                0x00000000080002c0                __floatsisf
                0x00000000080002dc                __aeabi_ul2f
                0x00000000080002dc                __floatundisf
                0x00000000080002ec                __aeabi_l2f
                0x00000000080002ec                __floatdisf
 .text          0x0000000008000368      0x2a0 c:/st/stm32cubeide_1.5.0/stm32cubeide/plugins/com.st.stm32cube.ide.mcu.externaltools.gnu-tools-for-stm32.7-2018-q2-update.win32_1.5.0.202011040924/tools/bin/../lib/gcc/arm-none-eabi/7.3.1/thumb/v7-m\libgcc.a(_arm_muldivsf3.o)
                0x0000000008000368                __mulsf3
                0x0000000008000368                __aeabi_fmul
                0x00000000080004d0                __aeabi_fdiv
                0x00000000080004d0                __divsf3
 .text          0x0000000008000608       0x40 c:/st/stm32cubeide_1.5.0/stm32cubeide/plugins/com.st.stm32cube.ide.mcu.externaltools.gnu-tools-for-stm32.7-2018-q2-update.win32_1.5.0.202011040924/tools/bin/../lib/gcc/arm-none-eabi/7.3.1/thumb/v7-m\libgcc.a(_arm_fixunssfsi.o)
                0x0000000008000608                __fixunssfsi
                0x0000000008000608                __aeabi_f2uiz
 *(.text*)
 .text.__NVIC_ClearPendingIRQ
                0x0000000008000648       0x3c Core/Src/main.o
 .text.main     0x0000000008000684       0x90 Core/Src/main.o
                0x0000000008000684                main
 .text.ADC1_2_IRQHandler
                0x0000000008000714       0x38 Core/Src/main.o
                0x0000000008000714                ADC1_2_IRQHandler
 .text.SystemInit
                0x000000000800074c        0xc Core/Src/system_stm32f1xx.o
                0x000000000800074c                SystemInit
 .text.__NVIC_EnableIRQ
                0x0000000008000758       0x38 Peripherals/Src/adc.o
 .text.adc_GPIO_config
                0x0000000008000790       0x68 Peripherals/Src/adc.o
                0x0000000008000790                adc_GPIO_config
 .text.adc_single_config
                0x00000000080007f8       0x94 Peripherals/Src/adc.o
                0x00000000080007f8                adc_single_config
 .text.adc_Start
                0x000000000800088c       0x30 Peripherals/Src/adc.o
                0x000000000800088c                adc_Start
 .text.adc_readValue
                0x00000000080008bc       0x18 Peripherals/Src/adc.o
                0x00000000080008bc                adc_readValue
 .text.adc_enableEOC
                0x00000000080008d4       0x20 Peripherals/Src/adc.o
                0x00000000080008d4                adc_enableEOC
 .text.gpioC_config
                0x00000000080008f4       0x50 Peripherals/Src/gpio.o
                0x00000000080008f4                gpioC_config
 .text.gpioC_WritePin
                0x0000000008000944       0x4c Peripherals/Src/gpio.o
                0x0000000008000944                gpioC_WritePin
 .text.__NVIC_ClearPendingIRQ
                0x0000000008000990       0x3c Peripherals/Src/rcc.o
 .text.__NVIC_SetPriority
                0x00000000080009cc       0x54 Peripherals/Src/rcc.o
 .text.rcc_HSE_config
                0x0000000008000a20      0x10c Peripherals/Src/rcc.o
                0x0000000008000a20                rcc_HSE_config
 .text.rcc_SysTick_config
                0x0000000008000b2c       0x54 Peripherals/Src/rcc.o
                0x0000000008000b2c                rcc_SysTick_config
 .text.rcc_msIncTicks
                0x0000000008000b80       0x1c Peripherals/Src/rcc.o
                0x0000000008000b80                rcc_msIncTicks
 .text.rcc_msGetTicks
                0x0000000008000b9c       0x14 Peripherals/Src/rcc.o
                0x0000000008000b9c                rcc_msGetTicks
 .text.rcc_msDelay
                0x0000000008000bb0       0x28 Peripherals/Src/rcc.o
                0x0000000008000bb0                rcc_msDelay
 .text.SysTick_Handler
                0x0000000008000bd8       0x14 Peripherals/Src/rcc.o
                0x0000000008000bd8                SysTick_Handler
 .text.uart_UART2_putc
                0x0000000008000bec       0x2c Peripherals/Src/uart.o
                0x0000000008000bec                uart_UART2_putc
 .text.uart_UART2_puts
                0x0000000008000c18       0x2a Peripherals/Src/uart.o
                0x0000000008000c18                uart_UART2_puts
 *fill*         0x0000000008000c42        0x2 
 .text.uart2_write_integer
                0x0000000008000c44       0x8c Peripherals/Src/uart.o
                0x0000000008000c44                uart2_write_integer
 .text.uart_UART2_GPIO_config
                0x0000000008000cd0       0x6c Peripherals/Src/uart.o
                0x0000000008000cd0                uart_UART2_GPIO_config
 .text.uart_UART2_config
                0x0000000008000d3c       0xa4 Peripherals/Src/uart.o
                0x0000000008000d3c                uart_UART2_config
 .text.Reset_Handler
                0x0000000008000de0       0x48 Startup/startup_stm32f103xb.o
                0x0000000008000de0                Reset_Handler
 .text.Default_Handler
                0x0000000008000e28        0x2 Startup/startup_stm32f103xb.o
                0x0000000008000e28                RTC_Alarm_IRQHandler
                0x0000000008000e28                EXTI2_IRQHandler
                0x0000000008000e28                DebugMon_Handler
                0x0000000008000e28                TIM1_CC_IRQHandler
                0x0000000008000e28                HardFault_Handler
                0x0000000008000e28                PVD_IRQHandler
                0x0000000008000e28                PendSV_Handler
                0x0000000008000e28                NMI_Handler
                0x0000000008000e28                EXTI3_IRQHandler
                0x0000000008000e28                EXTI0_IRQHandler
                0x0000000008000e28                I2C2_EV_IRQHandler
                0x0000000008000e28                UsageFault_Handler
                0x0000000008000e28                SPI1_IRQHandler
                0x0000000008000e28                TAMPER_IRQHandler
                0x0000000008000e28                DMA1_Channel4_IRQHandler
                0x0000000008000e28                USART3_IRQHandler
                0x0000000008000e28                RTC_IRQHandler
                0x0000000008000e28                DMA1_Channel7_IRQHandler
                0x0000000008000e28                CAN1_RX1_IRQHandler
                0x0000000008000e28                TIM4_IRQHandler
                0x0000000008000e28                I2C1_EV_IRQHandler
                0x0000000008000e28                DMA1_Channel6_IRQHandler
                0x0000000008000e28                TIM3_IRQHandler
                0x0000000008000e28                RCC_IRQHandler
                0x0000000008000e28                TIM1_TRG_COM_IRQHandler
                0x0000000008000e28                DMA1_Channel1_IRQHandler
                0x0000000008000e28                Default_Handler
                0x0000000008000e28                EXTI15_10_IRQHandler
                0x0000000008000e28                EXTI9_5_IRQHandler
                0x0000000008000e28                SPI2_IRQHandler
                0x0000000008000e28                MemManage_Handler
                0x0000000008000e28                SVC_Handler
                0x0000000008000e28                DMA1_Channel5_IRQHandler
                0x0000000008000e28                EXTI4_IRQHandler
                0x0000000008000e28                USB_LP_CAN1_RX0_IRQHandler
                0x0000000008000e28                USB_HP_CAN1_TX_IRQHandler
                0x0000000008000e28                DMA1_Channel3_IRQHandler
                0x0000000008000e28                TIM1_UP_IRQHandler
                0x0000000008000e28                WWDG_IRQHandler
                0x0000000008000e28                TIM2_IRQHandler
                0x0000000008000e28                TIM1_BRK_IRQHandler
                0x0000000008000e28                EXTI1_IRQHandler
                0x0000000008000e28                USART2_IRQHandler
                0x0000000008000e28                I2C2_ER_IRQHandler
                0x0000000008000e28                DMA1_Channel2_IRQHandler
                0x0000000008000e28                CAN1_SCE_IRQHandler
                0x0000000008000e28                FLASH_IRQHandler
                0x0000000008000e28                BusFault_Handler
                0x0000000008000e28                USART1_IRQHandler
                0x0000000008000e28                I2C1_ER_IRQHandler
                0x0000000008000e28                USBWakeUp_IRQHandler
 *fill*         0x0000000008000e2a        0x2 
 .text.__libc_init_array
                0x0000000008000e2c       0x48 c:/st/stm32cubeide_1.5.0/stm32cubeide/plugins/com.st.stm32cube.ide.mcu.externaltools.gnu-tools-for-stm32.7-2018-q2-update.win32_1.5.0.202011040924/tools/bin/../lib/gcc/arm-none-eabi/7.3.1/../../../../arm-none-eabi/lib/thumb/v7-m\libc_nano.a(lib_a-init.o)
                0x0000000008000e2c                __libc_init_array
 *(.glue_7)
 .glue_7        0x0000000008000e74        0x0 linker stubs
 *(.glue_7t)
 .glue_7t       0x0000000008000e74        0x0 linker stubs
 *(.eh_frame)
 .eh_frame      0x0000000008000e74        0x0 c:/st/stm32cubeide_1.5.0/stm32cubeide/plugins/com.st.stm32cube.ide.mcu.externaltools.gnu-tools-for-stm32.7-2018-q2-update.win32_1.5.0.202011040924/tools/bin/../lib/gcc/arm-none-eabi/7.3.1/thumb/v7-m/crtbegin.o
 *(.init)
 .init          0x0000000008000e74        0x4 c:/st/stm32cubeide_1.5.0/stm32cubeide/plugins/com.st.stm32cube.ide.mcu.externaltools.gnu-tools-for-stm32.7-2018-q2-update.win32_1.5.0.202011040924/tools/bin/../lib/gcc/arm-none-eabi/7.3.1/thumb/v7-m/crti.o
                0x0000000008000e74                _init
 .init          0x0000000008000e78        0x8 c:/st/stm32cubeide_1.5.0/stm32cubeide/plugins/com.st.stm32cube.ide.mcu.externaltools.gnu-tools-for-stm32.7-2018-q2-update.win32_1.5.0.202011040924/tools/bin/../lib/gcc/arm-none-eabi/7.3.1/thumb/v7-m/crtn.o
 *(.fini)
 .fini          0x0000000008000e80        0x4 c:/st/stm32cubeide_1.5.0/stm32cubeide/plugins/com.st.stm32cube.ide.mcu.externaltools.gnu-tools-for-stm32.7-2018-q2-update.win32_1.5.0.202011040924/tools/bin/../lib/gcc/arm-none-eabi/7.3.1/thumb/v7-m/crti.o
                0x0000000008000e80                _fini
 .fini          0x0000000008000e84        0x8 c:/st/stm32cubeide_1.5.0/stm32cubeide/plugins/com.st.stm32cube.ide.mcu.externaltools.gnu-tools-for-stm32.7-2018-q2-update.win32_1.5.0.202011040924/tools/bin/../lib/gcc/arm-none-eabi/7.3.1/thumb/v7-m/crtn.o
                0x0000000008000e8c                . = ALIGN (0x4)
                0x0000000008000e8c                _etext = .

.vfp11_veneer   0x0000000008000e8c        0x0
 .vfp11_veneer  0x0000000008000e8c        0x0 linker stubs

.v4_bx          0x0000000008000e8c        0x0
 .v4_bx         0x0000000008000e8c        0x0 linker stubs

.iplt           0x0000000008000e8c        0x0
 .iplt          0x0000000008000e8c        0x0 c:/st/stm32cubeide_1.5.0/stm32cubeide/plugins/com.st.stm32cube.ide.mcu.externaltools.gnu-tools-for-stm32.7-2018-q2-update.win32_1.5.0.202011040924/tools/bin/../lib/gcc/arm-none-eabi/7.3.1/thumb/v7-m/crtbegin.o

.rodata         0x0000000008000e8c       0x14
                0x0000000008000e8c                . = ALIGN (0x4)
 *(.rodata)
 .rodata        0x0000000008000e8c       0x12 Core/Src/main.o
 *(.rodata*)
                0x0000000008000ea0                . = ALIGN (0x4)
 *fill*         0x0000000008000e9e        0x2 

.rel.dyn        0x0000000008000ea0        0x0
 .rel.iplt      0x0000000008000ea0        0x0 c:/st/stm32cubeide_1.5.0/stm32cubeide/plugins/com.st.stm32cube.ide.mcu.externaltools.gnu-tools-for-stm32.7-2018-q2-update.win32_1.5.0.202011040924/tools/bin/../lib/gcc/arm-none-eabi/7.3.1/thumb/v7-m/crtbegin.o

.ARM.extab      0x0000000008000ea0        0x0
                0x0000000008000ea0                . = ALIGN (0x4)
 *(.ARM.extab* .gnu.linkonce.armextab.*)
                0x0000000008000ea0                . = ALIGN (0x4)

.ARM            0x0000000008000ea0        0x0
                0x0000000008000ea0                . = ALIGN (0x4)
                0x0000000008000ea0                __exidx_start = .
 *(.ARM.exidx*)
                0x0000000008000ea0                __exidx_end = .
                0x0000000008000ea0                . = ALIGN (0x4)

.preinit_array  0x0000000008000ea0        0x0
                0x0000000008000ea0                . = ALIGN (0x4)
                0x0000000008000ea0                PROVIDE (__preinit_array_start = .)
 *(.preinit_array*)
                0x0000000008000ea0                PROVIDE (__preinit_array_end = .)
                0x0000000008000ea0                . = ALIGN (0x4)

.init_array     0x0000000008000ea0        0x4
                0x0000000008000ea0                . = ALIGN (0x4)
                0x0000000008000ea0                PROVIDE (__init_array_start = .)
 *(SORT_BY_NAME(.init_array.*))
 *(.init_array*)
 .init_array    0x0000000008000ea0        0x4 c:/st/stm32cubeide_1.5.0/stm32cubeide/plugins/com.st.stm32cube.ide.mcu.externaltools.gnu-tools-for-stm32.7-2018-q2-update.win32_1.5.0.202011040924/tools/bin/../lib/gcc/arm-none-eabi/7.3.1/thumb/v7-m/crtbegin.o
                0x0000000008000ea4                PROVIDE (__init_array_end = .)
                0x0000000008000ea4                . = ALIGN (0x4)

.fini_array     0x0000000008000ea4        0x4
                0x0000000008000ea4                . = ALIGN (0x4)
                [!provide]                        PROVIDE (__fini_array_start = .)
 *(SORT_BY_NAME(.fini_array.*))
 *(.fini_array*)
 .fini_array    0x0000000008000ea4        0x4 c:/st/stm32cubeide_1.5.0/stm32cubeide/plugins/com.st.stm32cube.ide.mcu.externaltools.gnu-tools-for-stm32.7-2018-q2-update.win32_1.5.0.202011040924/tools/bin/../lib/gcc/arm-none-eabi/7.3.1/thumb/v7-m/crtbegin.o
                [!provide]                        PROVIDE (__fini_array_end = .)
                0x0000000008000ea8                . = ALIGN (0x4)
                0x0000000008000ea8                _sidata = LOADADDR (.data)

.data           0x0000000020000000        0x0 load address 0x0000000008000ea8
                0x0000000020000000                . = ALIGN (0x4)
                0x0000000020000000                _sdata = .
 *(.data)
 *(.data*)
 *(.RamFunc)
 *(.RamFunc*)
                0x0000000020000000                . = ALIGN (0x4)
                0x0000000020000000                _edata = .

.igot.plt       0x0000000020000000        0x0 load address 0x0000000008000ea8
 .igot.plt      0x0000000020000000        0x0 c:/st/stm32cubeide_1.5.0/stm32cubeide/plugins/com.st.stm32cube.ide.mcu.externaltools.gnu-tools-for-stm32.7-2018-q2-update.win32_1.5.0.202011040924/tools/bin/../lib/gcc/arm-none-eabi/7.3.1/thumb/v7-m/crtbegin.o
                0x0000000020000000                . = ALIGN (0x4)

.bss            0x0000000020000000       0x24 load address 0x0000000008000ea8
                0x0000000020000000                _sbss = .
                0x0000000020000000                __bss_start__ = _sbss
 *(.bss)
 .bss           0x0000000020000000       0x1c c:/st/stm32cubeide_1.5.0/stm32cubeide/plugins/com.st.stm32cube.ide.mcu.externaltools.gnu-tools-for-stm32.7-2018-q2-update.win32_1.5.0.202011040924/tools/bin/../lib/gcc/arm-none-eabi/7.3.1/thumb/v7-m/crtbegin.o
 *(.bss*)
 .bss.adcEOC    0x000000002000001c        0x1 Core/Src/main.o
                0x000000002000001c                adcEOC
 *fill*         0x000000002000001d        0x1 
 .bss.value     0x000000002000001e        0x2 Core/Src/main.o
                0x000000002000001e                value
 .bss.msTicks   0x0000000020000020        0x4 Peripherals/Src/rcc.o
 *(COMMON)
                0x0000000020000024                . = ALIGN (0x4)
                0x0000000020000024                _ebss = .
                0x0000000020000024                __bss_end__ = _ebss

._user_heap_stack
                0x0000000020000024      0x604 load address 0x0000000008000ea8
                0x0000000020000028                . = ALIGN (0x8)
 *fill*         0x0000000020000024        0x4 
                [!provide]                        PROVIDE (end = .)
                [!provide]                        PROVIDE (_end = .)
                0x0000000020000228                . = (. + _Min_Heap_Size)
 *fill*         0x0000000020000028      0x200 
                0x0000000020000628                . = (. + _Min_Stack_Size)
 *fill*         0x0000000020000228      0x400 
                0x0000000020000628                . = ALIGN (0x8)

/DISCARD/
 libc.a(*)
 libm.a(*)
 libgcc.a(*)

.ARM.attributes
                0x0000000000000000       0x29
 *(.ARM.attributes)
 .ARM.attributes
                0x0000000000000000       0x1d c:/st/stm32cubeide_1.5.0/stm32cubeide/plugins/com.st.stm32cube.ide.mcu.externaltools.gnu-tools-for-stm32.7-2018-q2-update.win32_1.5.0.202011040924/tools/bin/../lib/gcc/arm-none-eabi/7.3.1/thumb/v7-m/crti.o
 .ARM.attributes
                0x000000000000001d       0x2d c:/st/stm32cubeide_1.5.0/stm32cubeide/plugins/com.st.stm32cube.ide.mcu.externaltools.gnu-tools-for-stm32.7-2018-q2-update.win32_1.5.0.202011040924/tools/bin/../lib/gcc/arm-none-eabi/7.3.1/thumb/v7-m/crtbegin.o
 .ARM.attributes
                0x000000000000004a       0x33 Core/Src/main.o
 .ARM.attributes
                0x000000000000007d       0x33 Core/Src/system_stm32f1xx.o
 .ARM.attributes
                0x00000000000000b0       0x33 Peripherals/Src/adc.o
 .ARM.attributes
                0x00000000000000e3       0x33 Peripherals/Src/gpio.o
 .ARM.attributes
                0x0000000000000116       0x33 Peripherals/Src/rcc.o
 .ARM.attributes
                0x0000000000000149       0x33 Peripherals/Src/uart.o
 .ARM.attributes
                0x000000000000017c       0x21 Startup/startup_stm32f103xb.o
 .ARM.attributes
                0x000000000000019d       0x2d c:/st/stm32cubeide_1.5.0/stm32cubeide/plugins/com.st.stm32cube.ide.mcu.externaltools.gnu-tools-for-stm32.7-2018-q2-update.win32_1.5.0.202011040924/tools/bin/../lib/gcc/arm-none-eabi/7.3.1/../../../../arm-none-eabi/lib/thumb/v7-m\libc_nano.a(lib_a-init.o)
 .ARM.attributes
                0x00000000000001ca       0x1d c:/st/stm32cubeide_1.5.0/stm32cubeide/plugins/com.st.stm32cube.ide.mcu.externaltools.gnu-tools-for-stm32.7-2018-q2-update.win32_1.5.0.202011040924/tools/bin/../lib/gcc/arm-none-eabi/7.3.1/thumb/v7-m\libgcc.a(_arm_addsubsf3.o)
 .ARM.attributes
                0x00000000000001e7       0x1d c:/st/stm32cubeide_1.5.0/stm32cubeide/plugins/com.st.stm32cube.ide.mcu.externaltools.gnu-tools-for-stm32.7-2018-q2-update.win32_1.5.0.202011040924/tools/bin/../lib/gcc/arm-none-eabi/7.3.1/thumb/v7-m\libgcc.a(_arm_muldivsf3.o)
 .ARM.attributes
                0x0000000000000204       0x1d c:/st/stm32cubeide_1.5.0/stm32cubeide/plugins/com.st.stm32cube.ide.mcu.externaltools.gnu-tools-for-stm32.7-2018-q2-update.win32_1.5.0.202011040924/tools/bin/../lib/gcc/arm-none-eabi/7.3.1/thumb/v7-m\libgcc.a(_arm_fixunssfsi.o)
 .ARM.attributes
                0x0000000000000221       0x1d c:/st/stm32cubeide_1.5.0/stm32cubeide/plugins/com.st.stm32cube.ide.mcu.externaltools.gnu-tools-for-stm32.7-2018-q2-update.win32_1.5.0.202011040924/tools/bin/../lib/gcc/arm-none-eabi/7.3.1/thumb/v7-m/crtn.o
OUTPUT(3.ADC.elf elf32-littlearm)

.debug_info     0x0000000000000000     0x4659
 .debug_info    0x0000000000000000      0xd80 Core/Src/main.o
 .debug_info    0x0000000000000d80      0x241 Core/Src/system_stm32f1xx.o
 .debug_info    0x0000000000000fc1      0xf54 Peripherals/Src/adc.o
 .debug_info    0x0000000000001f15      0xb6e Peripherals/Src/gpio.o
 .debug_info    0x0000000000002a83      0xfb7 Peripherals/Src/rcc.o
 .debug_info    0x0000000000003a3a      0xbfd Peripherals/Src/uart.o
 .debug_info    0x0000000000004637       0x22 Startup/startup_stm32f103xb.o

.debug_abbrev   0x0000000000000000      0xce5
 .debug_abbrev  0x0000000000000000      0x254 Core/Src/main.o
 .debug_abbrev  0x0000000000000254      0x134 Core/Src/system_stm32f1xx.o
 .debug_abbrev  0x0000000000000388      0x2bc Peripherals/Src/adc.o
 .debug_abbrev  0x0000000000000644      0x1fd Peripherals/Src/gpio.o
 .debug_abbrev  0x0000000000000841      0x286 Peripherals/Src/rcc.o
 .debug_abbrev  0x0000000000000ac7      0x20c Peripherals/Src/uart.o
 .debug_abbrev  0x0000000000000cd3       0x12 Startup/startup_stm32f103xb.o

.debug_aranges  0x0000000000000000      0x1d0
 .debug_aranges
                0x0000000000000000       0x30 Core/Src/main.o
 .debug_aranges
                0x0000000000000030       0x28 Core/Src/system_stm32f1xx.o
 .debug_aranges
                0x0000000000000058       0x68 Peripherals/Src/adc.o
 .debug_aranges
                0x00000000000000c0       0x50 Peripherals/Src/gpio.o
 .debug_aranges
                0x0000000000000110       0x58 Peripherals/Src/rcc.o
 .debug_aranges
                0x0000000000000168       0x40 Peripherals/Src/uart.o
 .debug_aranges
                0x00000000000001a8       0x28 Startup/startup_stm32f103xb.o

.debug_ranges   0x0000000000000000      0x168
 .debug_ranges  0x0000000000000000       0x20 Core/Src/main.o
 .debug_ranges  0x0000000000000020       0x18 Core/Src/system_stm32f1xx.o
 .debug_ranges  0x0000000000000038       0x58 Peripherals/Src/adc.o
 .debug_ranges  0x0000000000000090       0x40 Peripherals/Src/gpio.o
 .debug_ranges  0x00000000000000d0       0x48 Peripherals/Src/rcc.o
 .debug_ranges  0x0000000000000118       0x30 Peripherals/Src/uart.o
 .debug_ranges  0x0000000000000148       0x20 Startup/startup_stm32f103xb.o

.debug_macro    0x0000000000000000    0x11682
 .debug_macro   0x0000000000000000      0x256 Core/Src/main.o
 .debug_macro   0x0000000000000256      0xa54 Core/Src/main.o
 .debug_macro   0x0000000000000caa       0x2e Core/Src/main.o
 .debug_macro   0x0000000000000cd8       0x22 Core/Src/main.o
 .debug_macro   0x0000000000000cfa       0x22 Core/Src/main.o
 .debug_macro   0x0000000000000d1c       0x8e Core/Src/main.o
 .debug_macro   0x0000000000000daa       0x51 Core/Src/main.o
 .debug_macro   0x0000000000000dfb       0xef Core/Src/main.o
 .debug_macro   0x0000000000000eea       0x6a Core/Src/main.o
 .debug_macro   0x0000000000000f54      0x1df Core/Src/main.o
 .debug_macro   0x0000000000001133       0x1c Core/Src/main.o
 .debug_macro   0x000000000000114f       0x22 Core/Src/main.o
 .debug_macro   0x0000000000001171       0xc3 Core/Src/main.o
 .debug_macro   0x0000000000001234      0xd23 Core/Src/main.o
 .debug_macro   0x0000000000001f57     0xe09e Core/Src/main.o
 .debug_macro   0x000000000000fff5       0x6d Core/Src/main.o
 .debug_macro   0x0000000000010062       0x46 Core/Src/main.o
 .debug_macro   0x00000000000100a8       0x18 Core/Src/main.o
 .debug_macro   0x00000000000100c0       0x3c Core/Src/main.o
 .debug_macro   0x00000000000100fc       0x34 Core/Src/main.o
 .debug_macro   0x0000000000010130       0x16 Core/Src/main.o
 .debug_macro   0x0000000000010146       0x97 Core/Src/main.o
 .debug_macro   0x00000000000101dd      0x32a Core/Src/main.o
 .debug_macro   0x0000000000010507       0xfd Core/Src/main.o
 .debug_macro   0x0000000000010604       0x10 Core/Src/main.o
 .debug_macro   0x0000000000010614       0x52 Core/Src/main.o
 .debug_macro   0x0000000000010666       0x1f Core/Src/main.o
 .debug_macro   0x0000000000010685       0x43 Core/Src/main.o
 .debug_macro   0x00000000000106c8       0x20 Core/Src/main.o
 .debug_macro   0x00000000000106e8      0x1a3 Core/Src/main.o
 .debug_macro   0x000000000001088b       0x10 Core/Src/main.o
 .debug_macro   0x000000000001089b       0x1c Core/Src/main.o
 .debug_macro   0x00000000000108b7       0x52 Core/Src/main.o
 .debug_macro   0x0000000000010909       0x40 Core/Src/main.o
 .debug_macro   0x0000000000010949       0x10 Core/Src/main.o
 .debug_macro   0x0000000000010959       0x40 Core/Src/main.o
 .debug_macro   0x0000000000010999       0xd7 Core/Src/main.o
 .debug_macro   0x0000000000010a70       0x1c Core/Src/main.o
 .debug_macro   0x0000000000010a8c       0x3d Core/Src/main.o
 .debug_macro   0x0000000000010ac9       0x16 Core/Src/main.o
 .debug_macro   0x0000000000010adf      0x145 Core/Src/main.o
 .debug_macro   0x0000000000010c24       0x22 Core/Src/main.o
 .debug_macro   0x0000000000010c46       0xc8 Core/Src/system_stm32f1xx.o
 .debug_macro   0x0000000000010d0e      0x25a Peripherals/Src/adc.o
 .debug_macro   0x0000000000010f68      0x25a Peripherals/Src/gpio.o
 .debug_macro   0x00000000000111c2      0x25a Peripherals/Src/rcc.o
 .debug_macro   0x000000000001141c      0x266 Peripherals/Src/uart.o

.debug_line     0x0000000000000000     0x2af5
 .debug_line    0x0000000000000000      0x73e Core/Src/main.o
 .debug_line    0x000000000000073e      0x495 Core/Src/system_stm32f1xx.o
 .debug_line    0x0000000000000bd3      0x7e6 Peripherals/Src/adc.o
 .debug_line    0x00000000000013b9      0x77b Peripherals/Src/gpio.o
 .debug_line    0x0000000000001b34      0x7c7 Peripherals/Src/rcc.o
 .debug_line    0x00000000000022fb      0x77b Peripherals/Src/uart.o
 .debug_line    0x0000000000002a76       0x7f Startup/startup_stm32f103xb.o

.debug_str      0x0000000000000000    0x58ee6
 .debug_str     0x0000000000000000    0x58a6c Core/Src/main.o
                                      0x58e33 (size before relaxing)
 .debug_str     0x0000000000058a6c       0xe3 Core/Src/system_stm32f1xx.o
                                      0x545f7 (size before relaxing)
 .debug_str     0x0000000000058b4f       0xe9 Peripherals/Src/adc.o
                                      0x58f0e (size before relaxing)
 .debug_str     0x0000000000058c38       0x8f Peripherals/Src/gpio.o
                                      0x58ae7 (size before relaxing)
 .debug_str     0x0000000000058cc7      0x11b Peripherals/Src/rcc.o
                                      0x58ec0 (size before relaxing)
 .debug_str     0x0000000000058de2       0xd5 Peripherals/Src/uart.o
                                      0x58b42 (size before relaxing)
 .debug_str     0x0000000000058eb7       0x2f Startup/startup_stm32f103xb.o
                                         0x55 (size before relaxing)

.comment        0x0000000000000000       0x7b
 .comment       0x0000000000000000       0x7b Core/Src/main.o
                                         0x7c (size before relaxing)
 .comment       0x000000000000007b       0x7c Core/Src/system_stm32f1xx.o
 .comment       0x000000000000007b       0x7c Peripherals/Src/adc.o
 .comment       0x000000000000007b       0x7c Peripherals/Src/gpio.o
 .comment       0x000000000000007b       0x7c Peripherals/Src/rcc.o
 .comment       0x000000000000007b       0x7c Peripherals/Src/uart.o

.debug_frame    0x0000000000000000      0x600
 .debug_frame   0x0000000000000000       0x70 Core/Src/main.o
 .debug_frame   0x0000000000000070       0x58 Core/Src/system_stm32f1xx.o
 .debug_frame   0x00000000000000c8      0x164 Peripherals/Src/adc.o
 .debug_frame   0x000000000000022c      0x118 Peripherals/Src/gpio.o
 .debug_frame   0x0000000000000344      0x124 Peripherals/Src/rcc.o
 .debug_frame   0x0000000000000468       0xc4 Peripherals/Src/uart.o
 .debug_frame   0x000000000000052c       0x2c c:/st/stm32cubeide_1.5.0/stm32cubeide/plugins/com.st.stm32cube.ide.mcu.externaltools.gnu-tools-for-stm32.7-2018-q2-update.win32_1.5.0.202011040924/tools/bin/../lib/gcc/arm-none-eabi/7.3.1/../../../../arm-none-eabi/lib/thumb/v7-m\libc_nano.a(lib_a-init.o)
 .debug_frame   0x0000000000000558       0x4c c:/st/stm32cubeide_1.5.0/stm32cubeide/plugins/com.st.stm32cube.ide.mcu.externaltools.gnu-tools-for-stm32.7-2018-q2-update.win32_1.5.0.202011040924/tools/bin/../lib/gcc/arm-none-eabi/7.3.1/thumb/v7-m\libgcc.a(_arm_addsubsf3.o)
 .debug_frame   0x00000000000005a4       0x38 c:/st/stm32cubeide_1.5.0/stm32cubeide/plugins/com.st.stm32cube.ide.mcu.externaltools.gnu-tools-for-stm32.7-2018-q2-update.win32_1.5.0.202011040924/tools/bin/../lib/gcc/arm-none-eabi/7.3.1/thumb/v7-m\libgcc.a(_arm_muldivsf3.o)
 .debug_frame   0x00000000000005dc       0x24 c:/st/stm32cubeide_1.5.0/stm32cubeide/plugins/com.st.stm32cube.ide.mcu.externaltools.gnu-tools-for-stm32.7-2018-q2-update.win32_1.5.0.202011040924/tools/bin/../lib/gcc/arm-none-eabi/7.3.1/thumb/v7-m\libgcc.a(_arm_fixunssfsi.o)
